Archive member included to satisfy reference by file (symbol)

c:/eclipse/gnu mcu eclipse/arm embedded gcc/bin/../lib/gcc/arm-none-eabi/9.2.1/../../../../arm-none-eabi/lib/thumb/v7e-m+fp/hard\libc_nano.a(lib_a-exit.o)
                              c:/eclipse/gnu mcu eclipse/arm embedded gcc/bin/../lib/gcc/arm-none-eabi/9.2.1/../../../../arm-none-eabi/lib/thumb/v7e-m+fp/hard/crt0.o (exit)
c:/eclipse/gnu mcu eclipse/arm embedded gcc/bin/../lib/gcc/arm-none-eabi/9.2.1/../../../../arm-none-eabi/lib/thumb/v7e-m+fp/hard\libc_nano.a(lib_a-impure.o)
                              c:/eclipse/gnu mcu eclipse/arm embedded gcc/bin/../lib/gcc/arm-none-eabi/9.2.1/../../../../arm-none-eabi/lib/thumb/v7e-m+fp/hard\libc_nano.a(lib_a-exit.o) (_global_impure_ptr)
c:/eclipse/gnu mcu eclipse/arm embedded gcc/bin/../lib/gcc/arm-none-eabi/9.2.1/../../../../arm-none-eabi/lib/thumb/v7e-m+fp/hard\libc_nano.a(lib_a-init.o)
                              c:/eclipse/gnu mcu eclipse/arm embedded gcc/bin/../lib/gcc/arm-none-eabi/9.2.1/../../../../arm-none-eabi/lib/thumb/v7e-m+fp/hard/crt0.o (__libc_init_array)
c:/eclipse/gnu mcu eclipse/arm embedded gcc/bin/../lib/gcc/arm-none-eabi/9.2.1/../../../../arm-none-eabi/lib/thumb/v7e-m+fp/hard\libc_nano.a(lib_a-memcmp.o)
                              _build/nrf52832_xxaa/ble_advdata.c.o (memcmp)
c:/eclipse/gnu mcu eclipse/arm embedded gcc/bin/../lib/gcc/arm-none-eabi/9.2.1/../../../../arm-none-eabi/lib/thumb/v7e-m+fp/hard\libc_nano.a(lib_a-memcpy-stub.o)
                              _build/nrf52832_xxaa/nrf_atfifo.c.o (memcpy)
c:/eclipse/gnu mcu eclipse/arm embedded gcc/bin/../lib/gcc/arm-none-eabi/9.2.1/../../../../arm-none-eabi/lib/thumb/v7e-m+fp/hard\libc_nano.a(lib_a-memset.o)
                              c:/eclipse/gnu mcu eclipse/arm embedded gcc/bin/../lib/gcc/arm-none-eabi/9.2.1/../../../../arm-none-eabi/lib/thumb/v7e-m+fp/hard/crt0.o (memset)
c:/eclipse/gnu mcu eclipse/arm embedded gcc/bin/../lib/gcc/arm-none-eabi/9.2.1/../../../../arm-none-eabi/lib/thumb/v7e-m+fp/hard\libc_nano.a(lib_a-sprintf.o)
                              _build/nrf52832_xxaa/main.cpp.o (sprintf)
c:/eclipse/gnu mcu eclipse/arm embedded gcc/bin/../lib/gcc/arm-none-eabi/9.2.1/../../../../arm-none-eabi/lib/thumb/v7e-m+fp/hard\libc_nano.a(lib_a-strlen.o)
                              _build/nrf52832_xxaa/nrf_fprintf_format.c.o (strlen)
c:/eclipse/gnu mcu eclipse/arm embedded gcc/bin/../lib/gcc/arm-none-eabi/9.2.1/../../../../arm-none-eabi/lib/thumb/v7e-m+fp/hard\libc_nano.a(lib_a-nano-svfprintf.o)
                              c:/eclipse/gnu mcu eclipse/arm embedded gcc/bin/../lib/gcc/arm-none-eabi/9.2.1/../../../../arm-none-eabi/lib/thumb/v7e-m+fp/hard\libc_nano.a(lib_a-sprintf.o) (_svfprintf_r)
c:/eclipse/gnu mcu eclipse/arm embedded gcc/bin/../lib/gcc/arm-none-eabi/9.2.1/../../../../arm-none-eabi/lib/thumb/v7e-m+fp/hard\libc_nano.a(lib_a-nano-vfprintf_i.o)
                              c:/eclipse/gnu mcu eclipse/arm embedded gcc/bin/../lib/gcc/arm-none-eabi/9.2.1/../../../../arm-none-eabi/lib/thumb/v7e-m+fp/hard\libc_nano.a(lib_a-nano-svfprintf.o) (_printf_i)
c:/eclipse/gnu mcu eclipse/arm embedded gcc/bin/../lib/gcc/arm-none-eabi/9.2.1/../../../../arm-none-eabi/lib/thumb/v7e-m+fp/hard\libc_nano.a(lib_a-memchr.o)
                              c:/eclipse/gnu mcu eclipse/arm embedded gcc/bin/../lib/gcc/arm-none-eabi/9.2.1/../../../../arm-none-eabi/lib/thumb/v7e-m+fp/hard\libc_nano.a(lib_a-nano-svfprintf.o) (memchr)
c:/eclipse/gnu mcu eclipse/arm embedded gcc/bin/../lib/gcc/arm-none-eabi/9.2.1/../../../../arm-none-eabi/lib/thumb/v7e-m+fp/hard\libc_nano.a(lib_a-memmove.o)
                              c:/eclipse/gnu mcu eclipse/arm embedded gcc/bin/../lib/gcc/arm-none-eabi/9.2.1/../../../../arm-none-eabi/lib/thumb/v7e-m+fp/hard\libc_nano.a(lib_a-nano-svfprintf.o) (memmove)
c:/eclipse/gnu mcu eclipse/arm embedded gcc/bin/../lib/gcc/arm-none-eabi/9.2.1/../../../../arm-none-eabi/lib/thumb/v7e-m+fp/hard\libc_nano.a(lib_a-nano-freer.o)
                              c:/eclipse/gnu mcu eclipse/arm embedded gcc/bin/../lib/gcc/arm-none-eabi/9.2.1/../../../../arm-none-eabi/lib/thumb/v7e-m+fp/hard\libc_nano.a(lib_a-nano-svfprintf.o) (_free_r)
c:/eclipse/gnu mcu eclipse/arm embedded gcc/bin/../lib/gcc/arm-none-eabi/9.2.1/../../../../arm-none-eabi/lib/thumb/v7e-m+fp/hard\libc_nano.a(lib_a-nano-mallocr.o)
                              c:/eclipse/gnu mcu eclipse/arm embedded gcc/bin/../lib/gcc/arm-none-eabi/9.2.1/../../../../arm-none-eabi/lib/thumb/v7e-m+fp/hard\libc_nano.a(lib_a-nano-svfprintf.o) (_malloc_r)
c:/eclipse/gnu mcu eclipse/arm embedded gcc/bin/../lib/gcc/arm-none-eabi/9.2.1/../../../../arm-none-eabi/lib/thumb/v7e-m+fp/hard\libc_nano.a(lib_a-nano-reallocr.o)
                              c:/eclipse/gnu mcu eclipse/arm embedded gcc/bin/../lib/gcc/arm-none-eabi/9.2.1/../../../../arm-none-eabi/lib/thumb/v7e-m+fp/hard\libc_nano.a(lib_a-nano-svfprintf.o) (_realloc_r)
[...]
Memory Configuration

Name             Origin             Length             Attributes
FLASH            0x0000000000026000 0x000000000005a000 xr
RAM              0x0000000020002ad8 0x000000000000d528 xrw
*default*        0x0000000000000000 0xffffffffffffffff

Linker script and memory map


.text           0x0000000000026000     0x38b4
 *(.isr_vector)
 .isr_vector    0x0000000000026000      0x200 _build/nrf52832_xxaa/gcc_startup_nrf52.S.o
                0x0000000000026000                __isr_vector
 *(.text*)
 .text.__do_global_dtors_aux
                0x0000000000026200       0x24 c:/eclipse/gnu mcu eclipse/arm embedded gcc/bin/../lib/gcc/arm-none-eabi/9.2.1/thumb/v7e-m+fp/hard/crtbegin.o
 .text.frame_dummy
                0x0000000000026224       0x1c c:/eclipse/gnu mcu eclipse/arm embedded gcc/bin/../lib/gcc/arm-none-eabi/9.2.1/thumb/v7e-m+fp/hard/crtbegin.o
 .text          0x0000000000026240       0x74 c:/eclipse/gnu mcu eclipse/arm embedded gcc/bin/../lib/gcc/arm-none-eabi/9.2.1/../../../../arm-none-eabi/lib/thumb/v7e-m+fp/hard/crt0.o
                0x0000000000026240                _start
                0x0000000000026240                _mainCRTStartup
 .text          0x00000000000262b4       0x3c _build/nrf52832_xxaa/gcc_startup_nrf52.S.o
                0x00000000000262b4                Reset_Handler
                0x00000000000262dc                NMI_Handler
                0x00000000000262de                HardFault_Handler
                0x00000000000262e0                MemoryManagement_Handler
                0x00000000000262e2                BusFault_Handler
                0x00000000000262e4                UsageFault_Handler
                0x00000000000262e6                SVC_Handler
                0x00000000000262e8                DebugMon_Handler
                0x00000000000262ea                PendSV_Handler
                0x00000000000262ec                SysTick_Handler
                0x00000000000262ee                PDM_IRQHandler
                0x00000000000262ee                TEMP_IRQHandler
                0x00000000000262ee                QDEC_IRQHandler
                0x00000000000262ee                TIMER3_IRQHandler
                0x00000000000262ee                FPU_IRQHandler
                0x00000000000262ee                SPIM0_SPIS0_TWIM0_TWIS0_SPI0_TWI0_IRQHandler
                0x00000000000262ee                RADIO_IRQHandler
                0x00000000000262ee                TIMER4_IRQHandler
                0x00000000000262ee                I2S_IRQHandler
                0x00000000000262ee                SWI4_EGU4_IRQHandler
                0x00000000000262ee                TIMER0_IRQHandler
                0x00000000000262ee                RTC0_IRQHandler
                0x00000000000262ee                PWM1_IRQHandler
                0x00000000000262ee                PWM2_IRQHandler
                0x00000000000262ee                ECB_IRQHandler
                0x00000000000262ee                SPIM1_SPIS1_TWIM1_TWIS1_SPI1_TWI1_IRQHandler
                0x00000000000262ee                Default_Handler
                0x00000000000262ee                SAADC_IRQHandler
                0x00000000000262ee                CCM_AAR_IRQHandler
                0x00000000000262ee                WDT_IRQHandler
                0x00000000000262ee                GPIOTE_IRQHandler
                0x00000000000262ee                SWI5_EGU5_IRQHandler
                0x00000000000262ee                RNG_IRQHandler
                0x00000000000262ee                RTC2_IRQHandler
                0x00000000000262ee                PWM0_IRQHandler
                0x00000000000262ee                SWI3_EGU3_IRQHandler
                0x00000000000262ee                SWI1_EGU1_IRQHandler
                0x00000000000262ee                SPIM2_SPIS2_SPI2_IRQHandler
                0x00000000000262ee                NFCT_IRQHandler
                0x00000000000262ee                TIMER1_IRQHandler
                0x00000000000262ee                MWU_IRQHandler
                0x00000000000262ee                TIMER2_IRQHandler
                0x00000000000262ee                COMP_LPCOMP_IRQHandler
 .text.app_error_handler_bare
                0x00000000000262f0       0x20 _build/nrf52832_xxaa/app_error.c.o
                0x00000000000262f0                app_error_handler_bare
 .text.app_error_fault_handler
                0x0000000000026310       0x34 _build/nrf52832_xxaa/app_error_weak.c.o
                0x0000000000026310                app_error_fault_handler
 .text.RTC1_IRQHandler
                0x0000000000026344       0xa0 _build/nrf52832_xxaa/app_timer.c.o
                0x0000000000026344                RTC1_IRQHandler
 .text.SWI0_EGU0_IRQHandler
                0x00000000000263e4      0x3e0 _build/nrf52832_xxaa/app_timer.c.o
                0x00000000000263e4                SWI0_EGU0_IRQHandler
 .text.app_timer_start
                0x00000000000267c4       0xb4 _build/nrf52832_xxaa/app_timer.c.o
                0x00000000000267c4                app_timer_start
 .text.app_timer_stop
                0x0000000000026878       0x78 _build/nrf52832_xxaa/app_timer.c.o
                0x0000000000026878                app_timer_stop
 .text.app_util_critical_region_enter
                0x00000000000268f0       0x4c _build/nrf52832_xxaa/app_util_platform.c.o
                0x00000000000268f0                app_util_critical_region_enter
 .text.app_util_critical_region_exit
                0x000000000002693c       0x30 _build/nrf52832_xxaa/app_util_platform.c.o
                0x000000000002693c                app_util_critical_region_exit
 .text.nrf_atflags_set
                0x000000000002696c       0x14 _build/nrf52832_xxaa/nrf_atflags.c.o
                0x000000000002696c                nrf_atflags_set
 .text.nrf_atflags_clear
                0x0000000000026980       0x14 _build/nrf52832_xxaa/nrf_atflags.c.o
                0x0000000000026980                nrf_atflags_clear
 .text.nrf_atflags_get
                0x0000000000026994       0x14 _build/nrf52832_xxaa/nrf_atflags.c.o
                0x0000000000026994                nrf_atflags_get
 .text.nrf_atomic_u32_or
                0x00000000000269a8       0x1c _build/nrf52832_xxaa/nrf_atomic.c.o
                0x00000000000269a8                nrf_atomic_u32_or
 .text.nrf_atomic_u32_and
                0x00000000000269c4       0x1c _build/nrf52832_xxaa/nrf_atomic.c.o
                0x00000000000269c4                nrf_atomic_u32_and
 .text.nrf_section_iter_init
                0x00000000000269e0       0x14 _build/nrf52832_xxaa/nrf_section_iter.c.o
                0x00000000000269e0                nrf_section_iter_init
 .text.nrf_section_iter_next
                0x00000000000269f4       0x18 _build/nrf52832_xxaa/nrf_section_iter.c.o
                0x00000000000269f4                nrf_section_iter_next
 .text.SystemInit
                0x0000000000026a0c      0x3b4 _build/nrf52832_xxaa/system_nrf52.c.o
                0x0000000000026a0c                SystemInit
 .text.clock_irq_handler
                0x0000000000026dc0       0x44 _build/nrf52832_xxaa/nrf_drv_clock.c.o
 .text.soc_evt_handler
                0x0000000000026e04       0x28 _build/nrf52832_xxaa/nrf_drv_clock.c.o
 .text.sd_state_evt_handler
                0x0000000000026e2c       0xa8 _build/nrf52832_xxaa/nrf_drv_clock.c.o
 .text.nrfx_clock_init
                0x0000000000026ed4       0x18 _build/nrf52832_xxaa/nrfx_clock.c.o
                0x0000000000026ed4                nrfx_clock_init
 .text.nrfx_clock_enable
                0x0000000000026eec       0x24 _build/nrf52832_xxaa/nrfx_clock.c.o
                0x0000000000026eec                nrfx_clock_enable
 .text.nrfx_clock_lfclk_stop
                0x0000000000026f10       0x18 _build/nrf52832_xxaa/nrfx_clock.c.o
                0x0000000000026f10                nrfx_clock_lfclk_stop
 .text.POWER_CLOCK_IRQHandler
                0x0000000000026f28       0x6c _build/nrf52832_xxaa/nrfx_clock.c.o
                0x0000000000026f28                POWER_CLOCK_IRQHandler
 .text.UARTE0_UART0_IRQHandler
                0x0000000000026f94      0x1c4 _build/nrf52832_xxaa/nrfx_uart.c.o
                0x0000000000026f94                UARTE0_UART0_IRQHandler
 .text.bsp_event_to_button_action_assign
                0x0000000000027158       0x54 _build/nrf52832_xxaa/bsp.c.o
                0x0000000000027158                bsp_event_to_button_action_assign
 .text.ble_evt_handler
                0x00000000000271ac       0xac _build/nrf52832_xxaa/bsp_btn_ble.c.o
 .text.ble_evt_handler
                0x0000000000027258      0x1d4 _build/nrf52832_xxaa/ble_conn_params.c.o
 .text.ble_evt_handler
                0x000000000002742c      0x160 _build/nrf52832_xxaa/ble_conn_state.c.o
 .text.ble_srv_is_notification_enabled
                0x000000000002758c        0x8 _build/nrf52832_xxaa/ble_srv_common.c.o
                0x000000000002758c                ble_srv_is_notification_enabled
 .text.nrf_sdh_is_enabled
                0x0000000000027594        0xc _build/nrf52832_xxaa/nrf_sdh.c.o
                0x0000000000027594                nrf_sdh_is_enabled
 .text.SWI2_EGU2_IRQHandler
                0x00000000000275a0       0x2c _build/nrf52832_xxaa/nrf_sdh.c.o
                0x00000000000275a0                SWI2_EGU2_IRQHandler
 .text.sd_ble_evt_get
                0x00000000000275cc        0x4 _build/nrf52832_xxaa/nrf_sdh_ble.c.o
 .text.nrf_sdh_ble_evts_poll.part.0
                0x00000000000275d0       0x54 _build/nrf52832_xxaa/nrf_sdh_ble.c.o
 .text.nrf_sdh_ble_evts_poll
                0x0000000000027624       0x10 _build/nrf52832_xxaa/nrf_sdh_ble.c.o
 .text.sd_evt_get
                0x0000000000027634        0x4 _build/nrf52832_xxaa/nrf_sdh_soc.c.o
 .text.nrf_sdh_soc_evts_poll
                0x0000000000027638       0x4c _build/nrf52832_xxaa/nrf_sdh_soc.c.o
 .text.startup.main
                0x0000000000027684       0xc0 _build/nrf52832_xxaa/main.cpp.o
                0x0000000000027684                main
 .text._ZN7_Serial5beginEm
                0x0000000000027744       0xd8 _build/nrf52832_xxaa/UART.cpp.o
                0x0000000000027744                _Serial::begin(unsigned long)
 .text._ZN7_Serial7printlnEPKc
                0x000000000002781c       0x64 _build/nrf52832_xxaa/UART.cpp.o
                0x000000000002781c                _Serial::println(char const*)
 .text._ZN5_Wire5beginEv
                0x0000000000027880       0x40 _build/nrf52832_xxaa/Wire.cpp.o
                0x0000000000027880                _Wire::begin()
 .text._ZN5_Wire11requestFromEhh
                0x00000000000278c0       0x50 _build/nrf52832_xxaa/Wire.cpp.o
                0x00000000000278c0                _Wire::requestFrom(unsigned char, unsigned char)
 .text._ZN5_Wire17beginTransmissionEh
                0x0000000000027910       0x38 _build/nrf52832_xxaa/Wire.cpp.o
                0x0000000000027910                _Wire::beginTransmission(unsigned char)
 .text._ZN5_Wire15endTransmissionEb
                0x0000000000027948       0x3c _build/nrf52832_xxaa/Wire.cpp.o
                0x0000000000027948                _Wire::endTransmission(bool)
 .text._ZN5_Wire5writeEh
                0x0000000000027984       0x1c _build/nrf52832_xxaa/Wire.cpp.o
                0x0000000000027984                _Wire::write(unsigned char)
 .text._ZN5_Wire4readEv
                0x00000000000279a0       0x10 _build/nrf52832_xxaa/Wire.cpp.o
                0x00000000000279a0                _Wire::read()
 .text._ZN9_ICM209484InitEv
                0x00000000000279b0      0x2fc _build/nrf52832_xxaa/ICM20948.cpp.o
                0x00000000000279b0                _ICM20948::Init()
 .text._ZN9_ICM209489getRawAccEv
                0x0000000000027cac       0x70 _build/nrf52832_xxaa/ICM20948.cpp.o
                0x0000000000027cac                _ICM20948::getRawAcc()
 .text._ZN9_ICM2094810getRawGyroEv
                0x0000000000027d1c       0x70 _build/nrf52832_xxaa/ICM20948.cpp.o
                0x0000000000027d1c                _ICM20948::getRawGyro()
 .text._ZN9_ICM209489getRawMagEv
                0x0000000000027d8c       0xd8 _build/nrf52832_xxaa/ICM20948.cpp.o
                0x0000000000027d8c                _ICM20948::getRawMag()
 .text._ZN9_ICM209487getTempEf
                0x0000000000027e64       0x8c _build/nrf52832_xxaa/ICM20948.cpp.o
                0x0000000000027e64                _ICM20948::getTemp(float)
 .text.exit     0x0000000000027ef0       0x28 c:/eclipse/gnu mcu eclipse/arm embedded gcc/bin/../lib/gcc/arm-none-eabi/9.2.1/../../../../arm-none-eabi/lib/thumb/v7e-m+fp/hard\libc_nano.a(lib_a-exit.o)
                0x0000000000027ef0                exit
 .text.__libc_init_array
                0x0000000000027f18       0x48 c:/eclipse/gnu mcu eclipse/arm embedded gcc/bin/../lib/gcc/arm-none-eabi/9.2.1/../../../../arm-none-eabi/lib/thumb/v7e-m+fp/hard\libc_nano.a(lib_a-init.o)
                0x0000000000027f18                __libc_init_array
 .text.memcpy   0x0000000000027f60       0x1c c:/eclipse/gnu mcu eclipse/arm embedded gcc/bin/../lib/gcc/arm-none-eabi/9.2.1/../../../../arm-none-eabi/lib/thumb/v7e-m+fp/hard\libc_nano.a(lib_a-memcpy-stub.o)
                0x0000000000027f60                memcpy
 .text.memset   0x0000000000027f7c       0x10 c:/eclipse/gnu mcu eclipse/arm embedded gcc/bin/../lib/gcc/arm-none-eabi/9.2.1/../../../../arm-none-eabi/lib/thumb/v7e-m+fp/hard\libc_nano.a(lib_a-memset.o)
                0x0000000000027f7c                memset
 .text.sprintf  0x0000000000027f8c       0x40 c:/eclipse/gnu mcu eclipse/arm embedded gcc/bin/../lib/gcc/arm-none-eabi/9.2.1/../../../../arm-none-eabi/lib/thumb/v7e-m+fp/hard\libc_nano.a(lib_a-sprintf.o)
                0x0000000000027f8c                siprintf
                0x0000000000027f8c                sprintf
 .text          0x0000000000027fcc       0x10 c:/eclipse/gnu mcu eclipse/arm embedded gcc/bin/../lib/gcc/arm-none-eabi/9.2.1/../../../../arm-none-eabi/lib/thumb/v7e-m+fp/hard\libc_nano.a(lib_a-strlen.o)
                0x0000000000027fcc                strlen
 .text.__ssputs_r
                0x0000000000027fdc       0xb6 c:/eclipse/gnu mcu eclipse/arm embedded gcc/bin/../lib/gcc/arm-none-eabi/9.2.1/../../../../arm-none-eabi/lib/thumb/v7e-m+fp/hard\libc_nano.a(lib_a-nano-svfprintf.o)
                0x0000000000027fdc                __ssputs_r
 *fill*         0x0000000000028092        0x2 
 .text._svfprintf_r
                0x0000000000028094      0x200 c:/eclipse/gnu mcu eclipse/arm embedded gcc/bin/../lib/gcc/arm-none-eabi/9.2.1/../../../../arm-none-eabi/lib/thumb/v7e-m+fp/hard\libc_nano.a(lib_a-nano-svfprintf.o)
                0x0000000000028094                _svfiprintf_r
                0x0000000000028094                _svfprintf_r
 .text._printf_common
                0x0000000000028294       0xda c:/eclipse/gnu mcu eclipse/arm embedded gcc/bin/../lib/gcc/arm-none-eabi/9.2.1/../../../../arm-none-eabi/lib/thumb/v7e-m+fp/hard\libc_nano.a(lib_a-nano-vfprintf_i.o)
                0x0000000000028294                _printf_common
 *fill*         0x000000000002836e        0x2 
 .text._printf_i
                0x0000000000028370      0x24c c:/eclipse/gnu mcu eclipse/arm embedded gcc/bin/../lib/gcc/arm-none-eabi/9.2.1/../../../../arm-none-eabi/lib/thumb/v7e-m+fp/hard\libc_nano.a(lib_a-nano-vfprintf_i.o)
                0x0000000000028370                _printf_i
 *fill*         0x00000000000285bc        0x4 
 .text          0x00000000000285c0       0xa0 c:/eclipse/gnu mcu eclipse/arm embedded gcc/bin/../lib/gcc/arm-none-eabi/9.2.1/../../../../arm-none-eabi/lib/thumb/v7e-m+fp/hard\libc_nano.a(lib_a-memchr.o)
                0x00000000000285c0                memchr
 .text.memmove  0x0000000000028660       0x34 c:/eclipse/gnu mcu eclipse/arm embedded gcc/bin/../lib/gcc/arm-none-eabi/9.2.1/../../../../arm-none-eabi/lib/thumb/v7e-m+fp/hard\libc_nano.a(lib_a-memmove.o)
                0x0000000000028660                memmove
 .text._free_r  0x0000000000028694       0xa0 c:/eclipse/gnu mcu eclipse/arm embedded gcc/bin/../lib/gcc/arm-none-eabi/9.2.1/../../../../arm-none-eabi/lib/thumb/v7e-m+fp/hard\libc_nano.a(lib_a-nano-freer.o)
                0x0000000000028694                _free_r
 .text._malloc_r
                0x0000000000028734       0xb4 c:/eclipse/gnu mcu eclipse/arm embedded gcc/bin/../lib/gcc/arm-none-eabi/9.2.1/../../../../arm-none-eabi/lib/thumb/v7e-m+fp/hard\libc_nano.a(lib_a-nano-mallocr.o)
                0x0000000000028734                _malloc_r
 .text._realloc_r
                0x00000000000287e8       0x4c c:/eclipse/gnu mcu eclipse/arm embedded gcc/bin/../lib/gcc/arm-none-eabi/9.2.1/../../../../arm-none-eabi/lib/thumb/v7e-m+fp/hard\libc_nano.a(lib_a-nano-reallocr.o)
                0x00000000000287e8                _realloc_r
 .text._sbrk_r  0x0000000000028834       0x20 c:/eclipse/gnu mcu eclipse/arm embedded gcc/bin/../lib/gcc/arm-none-eabi/9.2.1/../../../../arm-none-eabi/lib/thumb/v7e-m+fp/hard\libc_nano.a(lib_a-sbrkr.o)
                0x0000000000028834                _sbrk_r
 .text.__malloc_lock
                0x0000000000028854        0xc c:/eclipse/gnu mcu eclipse/arm embedded gcc/bin/../lib/gcc/arm-none-eabi/9.2.1/../../../../arm-none-eabi/lib/thumb/v7e-m+fp/hard\libc_nano.a(lib_a-mlock.o)
                0x0000000000028854                __malloc_lock
 .text.__malloc_unlock
                0x0000000000028860        0xc c:/eclipse/gnu mcu eclipse/arm embedded gcc/bin/../lib/gcc/arm-none-eabi/9.2.1/../../../../arm-none-eabi/lib/thumb/v7e-m+fp/hard\libc_nano.a(lib_a-mlock.o)
                0x0000000000028860                __malloc_unlock
 .text._malloc_usable_size_r
                0x000000000002886c       0x10 c:/eclipse/gnu mcu eclipse/arm embedded gcc/bin/../lib/gcc/arm-none-eabi/9.2.1/../../../../arm-none-eabi/lib/thumb/v7e-m+fp/hard\libc_nano.a(lib_a-nano-msizer.o)
                0x000000000002886c                _malloc_usable_size_r
 .text.__retarget_lock_acquire_recursive
                0x000000000002887c        0x2 c:/eclipse/gnu mcu eclipse/arm embedded gcc/bin/../lib/gcc/arm-none-eabi/9.2.1/../../../../arm-none-eabi/lib/thumb/v7e-m+fp/hard\libc_nano.a(lib_a-lock.o)
                0x000000000002887c                __retarget_lock_acquire_recursive
 .text.__retarget_lock_release_recursive
                0x000000000002887e        0x2 c:/eclipse/gnu mcu eclipse/arm embedded gcc/bin/../lib/gcc/arm-none-eabi/9.2.1/../../../../arm-none-eabi/lib/thumb/v7e-m+fp/hard\libc_nano.a(lib_a-lock.o)
                0x000000000002887e                __retarget_lock_release_recursive
 .text._sbrk    0x0000000000028880       0x1c c:/eclipse/gnu mcu eclipse/arm embedded gcc/bin/../lib/gcc/arm-none-eabi/9.2.1/../../../../arm-none-eabi/lib/thumb/v7e-m+fp/hard\libnosys.a(sbrk.o)
                0x0000000000028880                _sbrk
 .text._exit    0x000000000002889c        0x4 c:/eclipse/gnu mcu eclipse/arm embedded gcc/bin/../lib/gcc/arm-none-eabi/9.2.1/../../../../arm-none-eabi/lib/thumb/v7e-m+fp/hard\libnosys.a(_exit.o)
                0x000000000002889c                _exit
 .text.selfrel_offset31
                0x00000000000288a0       0x14 c:/eclipse/gnu mcu eclipse/arm embedded gcc/bin/../lib/gcc/arm-none-eabi/9.2.1/thumb/v7e-m+fp/hard\libgcc.a(unwind-arm.o)
 .text.search_EIT_table
                0x00000000000288b4       0x5c c:/eclipse/gnu mcu eclipse/arm embedded gcc/bin/../lib/gcc/arm-none-eabi/9.2.1/thumb/v7e-m+fp/hard\libgcc.a(unwind-arm.o)
 .text.__gnu_unwind_get_pr_addr
                0x0000000000028910       0x28 c:/eclipse/gnu mcu eclipse/arm embedded gcc/bin/../lib/gcc/arm-none-eabi/9.2.1/thumb/v7e-m+fp/hard\libgcc.a(unwind-arm.o)
 .text.get_eit_entry
                0x0000000000028938       0x9c c:/eclipse/gnu mcu eclipse/arm embedded gcc/bin/../lib/gcc/arm-none-eabi/9.2.1/thumb/v7e-m+fp/hard\libgcc.a(unwind-arm.o)
 .text.restore_non_core_regs
                0x00000000000289d4       0x58 c:/eclipse/gnu mcu eclipse/arm embedded gcc/bin/../lib/gcc/arm-none-eabi/9.2.1/thumb/v7e-m+fp/hard\libgcc.a(unwind-arm.o)
 .text._Unwind_decode_typeinfo_ptr.isra.0
                0x0000000000028a2c        0xc c:/eclipse/gnu mcu eclipse/arm embedded gcc/bin/../lib/gcc/arm-none-eabi/9.2.1/thumb/v7e-m+fp/hard\libgcc.a(unwind-arm.o)
 .text._Unwind_DebugHook
                0x0000000000028a38        0x4 c:/eclipse/gnu mcu eclipse/arm embedded gcc/bin/../lib/gcc/arm-none-eabi/9.2.1/thumb/v7e-m+fp/hard\libgcc.a(unwind-arm.o)
 .text.unwind_phase2
                0x0000000000028a3c       0x3c c:/eclipse/gnu mcu eclipse/arm embedded gcc/bin/../lib/gcc/arm-none-eabi/9.2.1/thumb/v7e-m+fp/hard\libgcc.a(unwind-arm.o)
 .text.unwind_phase2_forced
                0x0000000000028a78       0xcc c:/eclipse/gnu mcu eclipse/arm embedded gcc/bin/../lib/gcc/arm-none-eabi/9.2.1/thumb/v7e-m+fp/hard\libgcc.a(unwind-arm.o)
 .text.__gnu_Unwind_RaiseException
                0x0000000000028b44       0x60 c:/eclipse/gnu mcu eclipse/arm embedded gcc/bin/../lib/gcc/arm-none-eabi/9.2.1/thumb/v7e-m+fp/hard\libgcc.a(unwind-arm.o)
                0x0000000000028b44                __gnu_Unwind_RaiseException
 .text.__gnu_Unwind_ForcedUnwind
                0x0000000000028ba4       0x14 c:/eclipse/gnu mcu eclipse/arm embedded gcc/bin/../lib/gcc/arm-none-eabi/9.2.1/thumb/v7e-m+fp/hard\libgcc.a(unwind-arm.o)
                0x0000000000028ba4                __gnu_Unwind_ForcedUnwind
 .text.__gnu_Unwind_Resume
                0x0000000000028bb8       0x44 c:/eclipse/gnu mcu eclipse/arm embedded gcc/bin/../lib/gcc/arm-none-eabi/9.2.1/thumb/v7e-m+fp/hard\libgcc.a(unwind-arm.o)
                0x0000000000028bb8                __gnu_Unwind_Resume
 .text.__gnu_Unwind_Resume_or_Rethrow
                0x0000000000028bfc       0x14 c:/eclipse/gnu mcu eclipse/arm embedded gcc/bin/../lib/gcc/arm-none-eabi/9.2.1/thumb/v7e-m+fp/hard\libgcc.a(unwind-arm.o)
                0x0000000000028bfc                __gnu_Unwind_Resume_or_Rethrow
 .text._Unwind_VRS_Get
                0x0000000000028c10       0x30 c:/eclipse/gnu mcu eclipse/arm embedded gcc/bin/../lib/gcc/arm-none-eabi/9.2.1/thumb/v7e-m+fp/hard\libgcc.a(unwind-arm.o)
                0x0000000000028c10                _Unwind_VRS_Get
 .text._Unwind_GetGR
                0x0000000000028c40       0x18 c:/eclipse/gnu mcu eclipse/arm embedded gcc/bin/../lib/gcc/arm-none-eabi/9.2.1/thumb/v7e-m+fp/hard\libgcc.a(unwind-arm.o)
 .text._Unwind_VRS_Set
                0x0000000000028c58       0x30 c:/eclipse/gnu mcu eclipse/arm embedded gcc/bin/../lib/gcc/arm-none-eabi/9.2.1/thumb/v7e-m+fp/hard\libgcc.a(unwind-arm.o)
                0x0000000000028c58                _Unwind_VRS_Set
 .text._Unwind_SetGR
                0x0000000000028c88       0x18 c:/eclipse/gnu mcu eclipse/arm embedded gcc/bin/../lib/gcc/arm-none-eabi/9.2.1/thumb/v7e-m+fp/hard\libgcc.a(unwind-arm.o)
 .text.__gnu_Unwind_Backtrace
                0x0000000000028ca0       0x78 c:/eclipse/gnu mcu eclipse/arm embedded gcc/bin/../lib/gcc/arm-none-eabi/9.2.1/thumb/v7e-m+fp/hard\libgcc.a(unwind-arm.o)
                0x0000000000028ca0                __gnu_Unwind_Backtrace
 .text.__gnu_unwind_pr_common
                0x0000000000028d18      0x2a8 c:/eclipse/gnu mcu eclipse/arm embedded gcc/bin/../lib/gcc/arm-none-eabi/9.2.1/thumb/v7e-m+fp/hard\libgcc.a(unwind-arm.o)
 .text.__aeabi_unwind_cpp_pr0
                0x0000000000028fc0        0x8 c:/eclipse/gnu mcu eclipse/arm embedded gcc/bin/../lib/gcc/arm-none-eabi/9.2.1/thumb/v7e-m+fp/hard\libgcc.a(unwind-arm.o)
                0x0000000000028fc0                __aeabi_unwind_cpp_pr0
 .text.__aeabi_unwind_cpp_pr1
                0x0000000000028fc8        0x8 c:/eclipse/gnu mcu eclipse/arm embedded gcc/bin/../lib/gcc/arm-none-eabi/9.2.1/thumb/v7e-m+fp/hard\libgcc.a(unwind-arm.o)
                0x0000000000028fc8                __aeabi_unwind_cpp_pr1
 .text.__aeabi_unwind_cpp_pr2
                0x0000000000028fd0        0x8 c:/eclipse/gnu mcu eclipse/arm embedded gcc/bin/../lib/gcc/arm-none-eabi/9.2.1/thumb/v7e-m+fp/hard\libgcc.a(unwind-arm.o)
                0x0000000000028fd0                __aeabi_unwind_cpp_pr2
 .text._Unwind_VRS_Pop
                0x0000000000028fd8      0x278 c:/eclipse/gnu mcu eclipse/arm embedded gcc/bin/../lib/gcc/arm-none-eabi/9.2.1/thumb/v7e-m+fp/hard\libgcc.a(unwind-arm.o)
                0x0000000000028fd8                _Unwind_VRS_Pop
 .text          0x0000000000029250      0x1ac c:/eclipse/gnu mcu eclipse/arm embedded gcc/bin/../lib/gcc/arm-none-eabi/9.2.1/thumb/v7e-m+fp/hard\libgcc.a(libunwind.o)
                0x0000000000029250                __restore_core_regs
                0x0000000000029250                restore_core_regs
                0x0000000000029268                __gnu_Unwind_Restore_VFP
                0x0000000000029270                __gnu_Unwind_Save_VFP
                0x0000000000029278                __gnu_Unwind_Restore_VFP_D
                0x0000000000029280                __gnu_Unwind_Save_VFP_D
                0x0000000000029288                __gnu_Unwind_Restore_VFP_D_16_to_31
                0x0000000000029290                __gnu_Unwind_Save_VFP_D_16_to_31
                0x0000000000029298                __gnu_Unwind_Restore_WMMXD
                0x00000000000292dc                __gnu_Unwind_Save_WMMXD
                0x0000000000029320                __gnu_Unwind_Restore_WMMXC
                0x0000000000029334                __gnu_Unwind_Save_WMMXC
                0x0000000000029348                ___Unwind_RaiseException
                0x0000000000029348                _Unwind_RaiseException
                0x000000000002936c                _Unwind_Resume
                0x000000000002936c                ___Unwind_Resume
                0x0000000000029390                _Unwind_Resume_or_Rethrow
                0x0000000000029390                ___Unwind_Resume_or_Rethrow
                0x00000000000293b4                _Unwind_ForcedUnwind
                0x00000000000293b4                ___Unwind_ForcedUnwind
                0x00000000000293d8                ___Unwind_Backtrace
                0x00000000000293d8                _Unwind_Backtrace
 .text.next_unwind_byte
                0x00000000000293fc       0x38 c:/eclipse/gnu mcu eclipse/arm embedded gcc/bin/../lib/gcc/arm-none-eabi/9.2.1/thumb/v7e-m+fp/hard\libgcc.a(pr-support.o)
 .text.__gnu_unwind_execute
                0x0000000000029434      0x29c c:/eclipse/gnu mcu eclipse/arm embedded gcc/bin/../lib/gcc/arm-none-eabi/9.2.1/thumb/v7e-m+fp/hard\libgcc.a(pr-support.o)
                0x0000000000029434                __gnu_unwind_execute
 .text.abort    0x00000000000296d0        0xe c:/eclipse/gnu mcu eclipse/arm embedded gcc/bin/../lib/gcc/arm-none-eabi/9.2.1/../../../../arm-none-eabi/lib/thumb/v7e-m+fp/hard\libg_nano.a(lib_a-abort.o)
                0x00000000000296d0                abort
 .text._raise_r
                0x00000000000296de       0x50 c:/eclipse/gnu mcu eclipse/arm embedded gcc/bin/../lib/gcc/arm-none-eabi/9.2.1/../../../../arm-none-eabi/lib/thumb/v7e-m+fp/hard\libg_nano.a(lib_a-signal.o)
                0x00000000000296de                _raise_r
 *fill*         0x000000000002972e        0x2 
 .text.raise    0x0000000000029730       0x10 c:/eclipse/gnu mcu eclipse/arm embedded gcc/bin/../lib/gcc/arm-none-eabi/9.2.1/../../../../arm-none-eabi/lib/thumb/v7e-m+fp/hard\libg_nano.a(lib_a-signal.o)
                0x0000000000029730                raise
 .text._kill_r  0x0000000000029740       0x24 c:/eclipse/gnu mcu eclipse/arm embedded gcc/bin/../lib/gcc/arm-none-eabi/9.2.1/../../../../arm-none-eabi/lib/thumb/v7e-m+fp/hard\libg_nano.a(lib_a-signalr.o)
                0x0000000000029740                _kill_r
 .text._getpid_r
                0x0000000000029764        0x4 c:/eclipse/gnu mcu eclipse/arm embedded gcc/bin/../lib/gcc/arm-none-eabi/9.2.1/../../../../arm-none-eabi/lib/thumb/v7e-m+fp/hard\libg_nano.a(lib_a-signalr.o)
                0x0000000000029764                _getpid_r
 .text._getpid  0x0000000000029768       0x10 c:/eclipse/gnu mcu eclipse/arm embedded gcc/bin/../lib/gcc/arm-none-eabi/9.2.1/../../../../arm-none-eabi/lib/thumb/v7e-m+fp/hard\libnosys.a(getpid.o)
                0x0000000000029768                _getpid
 .text._kill    0x0000000000029778       0x10 c:/eclipse/gnu mcu eclipse/arm embedded gcc/bin/../lib/gcc/arm-none-eabi/9.2.1/../../../../arm-none-eabi/lib/thumb/v7e-m+fp/hard\libnosys.a(kill.o)
                0x0000000000029778                _kill
 *(.init)
 .init          0x0000000000029788        0x4 c:/eclipse/gnu mcu eclipse/arm embedded gcc/bin/../lib/gcc/arm-none-eabi/9.2.1/thumb/v7e-m+fp/hard/crti.o
                0x0000000000029788                _init
 .init          0x000000000002978c        0x8 c:/eclipse/gnu mcu eclipse/arm embedded gcc/bin/../lib/gcc/arm-none-eabi/9.2.1/thumb/v7e-m+fp/hard/crtn.o
 *(.fini)
 .fini          0x0000000000029794        0x4 c:/eclipse/gnu mcu eclipse/arm embedded gcc/bin/../lib/gcc/arm-none-eabi/9.2.1/thumb/v7e-m+fp/hard/crti.o
                0x0000000000029794                _fini
 .fini          0x0000000000029798        0x8 c:/eclipse/gnu mcu eclipse/arm embedded gcc/bin/../lib/gcc/arm-none-eabi/9.2.1/thumb/v7e-m+fp/hard/crtn.o
 *crtbegin.o(.ctors)
 *crtbegin?.o(.ctors)
 *(EXCLUDE_FILE(*crtend.o *crtend?.o) .ctors)
 *(SORT_BY_NAME(.ctors.*))
 *(.ctors)
 *crtbegin.o(.dtors)
 *crtbegin?.o(.dtors)
 *(EXCLUDE_FILE(*crtend.o *crtend?.o) .dtors)
 *(SORT_BY_NAME(.dtors.*))
 *(.dtors)
 *(.rodata*)
 .rodata.delay_machine_code.8856
                0x00000000000297a0        0x6 _build/nrf52832_xxaa/app_timer.c.o
 *fill*         0x00000000000297a6        0x2 
 .rodata.sdh_stack_observers
                0x00000000000297a8        0xc _build/nrf52832_xxaa/nrf_sdh.c.o
 .rodata.sdh_ble_observers
                0x00000000000297b4        0xc _build/nrf52832_xxaa/nrf_sdh_ble.c.o
 .rodata.sdh_soc_observers
                0x00000000000297c0        0xc _build/nrf52832_xxaa/nrf_sdh_soc.c.o
 .rodata.main.str1.4
                0x00000000000297cc       0x77 _build/nrf52832_xxaa/main.cpp.o
 *fill*         0x0000000000029843        0x1 
 .rodata._ZN9_ICM209484InitEv.str1.4
                0x0000000000029844       0x25 _build/nrf52832_xxaa/ICM20948.cpp.o
 *fill*         0x0000000000029869        0x7 
 .rodata._ZZ21nrfx_coredep_delay_usE18delay_machine_code
                0x0000000000029870        0x6 _build/nrf52832_xxaa/ICM20948.cpp.o
 *fill*         0x0000000000029876        0x2 
 .rodata._global_impure_ptr
                0x0000000000029878        0x4 c:/eclipse/gnu mcu eclipse/arm embedded gcc/bin/../lib/gcc/arm-none-eabi/9.2.1/../../../../arm-none-eabi/lib/thumb/v7e-m+fp/hard\libc_nano.a(lib_a-impure.o)
                0x0000000000029878                _global_impure_ptr
 .rodata._svfprintf_r.str1.1
                0x000000000002987c       0x11 c:/eclipse/gnu mcu eclipse/arm embedded gcc/bin/../lib/gcc/arm-none-eabi/9.2.1/../../../../arm-none-eabi/lib/thumb/v7e-m+fp/hard\libc_nano.a(lib_a-nano-svfprintf.o)
 .rodata._printf_i.str1.1
                0x000000000002988d       0x22 c:/eclipse/gnu mcu eclipse/arm embedded gcc/bin/../lib/gcc/arm-none-eabi/9.2.1/../../../../arm-none-eabi/lib/thumb/v7e-m+fp/hard\libc_nano.a(lib_a-nano-vfprintf_i.o)
 *(.eh_frame*)
 *fill*         0x00000000000298af        0x1 
 .eh_frame      0x00000000000298b0        0x0 c:/eclipse/gnu mcu eclipse/arm embedded gcc/bin/../lib/gcc/arm-none-eabi/9.2.1/thumb/v7e-m+fp/hard/crtbegin.o
 .eh_frame      0x00000000000298b0        0x4 c:/eclipse/gnu mcu eclipse/arm embedded gcc/bin/../lib/gcc/arm-none-eabi/9.2.1/thumb/v7e-m+fp/hard/crtend.o

.glue_7         0x00000000000298b4        0x0
 .glue_7        0x00000000000298b4        0x0 linker stubs

.glue_7t        0x00000000000298b4        0x0
 .glue_7t       0x00000000000298b4        0x0 linker stubs

.vfp11_veneer   0x00000000000298b4        0x0
 .vfp11_veneer  0x00000000000298b4        0x0 linker stubs

.v4_bx          0x00000000000298b4        0x0
 .v4_bx         0x00000000000298b4        0x0 linker stubs

.iplt           0x00000000000298b4        0x0
 .iplt          0x00000000000298b4        0x0 c:/eclipse/gnu mcu eclipse/arm embedded gcc/bin/../lib/gcc/arm-none-eabi/9.2.1/thumb/v7e-m+fp/hard/crtbegin.o

.mem_section_dummy_rom

.sdh_ant_observers
                0x00000000000298b4        0x0
                [!provide]                        PROVIDE (__start_sdh_ant_observers = .)
 *(SORT_BY_NAME(.sdh_ant_observers*))
                [!provide]                        PROVIDE (__stop_sdh_ant_observers = .)

.sdh_ble_observers
                0x00000000000298b4       0x18
                0x00000000000298b4                PROVIDE (__start_sdh_ble_observers = .)
 *(SORT_BY_NAME(.sdh_ble_observers*))
 .sdh_ble_observers0
                0x00000000000298b4        0x8 _build/nrf52832_xxaa/ble_conn_state.c.o
 .sdh_ble_observers1
                0x00000000000298bc        0x8 _build/nrf52832_xxaa/bsp_btn_ble.c.o
 .sdh_ble_observers1
                0x00000000000298c4        0x8 _build/nrf52832_xxaa/ble_conn_params.c.o
                0x00000000000298cc                PROVIDE (__stop_sdh_ble_observers = .)

.sdh_soc_observers
                0x00000000000298cc        0x8
                0x00000000000298cc                PROVIDE (__start_sdh_soc_observers = .)
 *(SORT_BY_NAME(.sdh_soc_observers*))
 .sdh_soc_observers0
                0x00000000000298cc        0x8 _build/nrf52832_xxaa/nrf_drv_clock.c.o
                0x00000000000298d4                PROVIDE (__stop_sdh_soc_observers = .)

.sdh_state_observers
                0x00000000000298d4        0x8
                0x00000000000298d4                PROVIDE (__start_sdh_state_observers = .)
 *(SORT_BY_NAME(.sdh_state_observers*))
 .sdh_state_observers0
                0x00000000000298d4        0x8 _build/nrf52832_xxaa/nrf_drv_clock.c.o
                0x00000000000298dc                PROVIDE (__stop_sdh_state_observers = .)

.sdh_stack_observers
                0x00000000000298dc       0x10
                0x00000000000298dc                PROVIDE (__start_sdh_stack_observers = .)
 *(SORT_BY_NAME(.sdh_stack_observers*))
 .sdh_stack_observers0
                0x00000000000298dc        0x8 _build/nrf52832_xxaa/nrf_sdh_ble.c.o
 .sdh_stack_observers0
                0x00000000000298e4        0x8 _build/nrf52832_xxaa/nrf_sdh_soc.c.o
                0x00000000000298ec                PROVIDE (__stop_sdh_stack_observers = .)

.sdh_req_observers
                0x00000000000298ec        0x0
                0x00000000000298ec                PROVIDE (__start_sdh_req_observers = .)
 *(SORT_BY_NAME(.sdh_req_observers*))
                0x00000000000298ec                PROVIDE (__stop_sdh_req_observers = .)

.log_const_data
                0x00000000000298ec        0x0
                [!provide]                        PROVIDE (__start_log_const_data = .)
 *(SORT_BY_NAME(.log_const_data*))
                [!provide]                        PROVIDE (__stop_log_const_data = .)

.nrf_balloc     0x00000000000298ec        0x0
                [!provide]                        PROVIDE (__start_nrf_balloc = .)
 *(.nrf_balloc)
                [!provide]                        PROVIDE (__stop_nrf_balloc = .)

.nrf_queue      0x00000000000298ec        0x0
                [!provide]                        PROVIDE (__start_nrf_queue = .)
 *(.nrf_queue)
                [!provide]                        PROVIDE (__stop_nrf_queue = .)

.cli_command    0x00000000000298ec        0x0
                [!provide]                        PROVIDE (__start_cli_command = .)
 *(.cli_command)
                [!provide]                        PROVIDE (__stop_cli_command = .)

.crypto_data    0x00000000000298ec        0x0
                [!provide]                        PROVIDE (__start_crypto_data = .)
 *(SORT_BY_NAME(.crypto_data*))
                [!provide]                        PROVIDE (__stop_crypto_data = .)

.pwr_mgmt_data  0x00000000000298ec        0x0
                [!provide]                        PROVIDE (__start_pwr_mgmt_data = .)
 *(SORT_BY_NAME(.pwr_mgmt_data*))
                [!provide]                        PROVIDE (__stop_pwr_mgmt_data = .)

.log_backends   0x00000000000298ec        0x0
                [!provide]                        PROVIDE (__start_log_backends = .)
 *(SORT_BY_NAME(.log_backends*))
                [!provide]                        PROVIDE (__stop_log_backends = .)

.ARM.extab      0x00000000000298ec        0xc
 *(.ARM.extab* .gnu.linkonce.armextab.*)
 .ARM.extab.text.startup.main
                0x00000000000298ec        0xc _build/nrf52832_xxaa/main.cpp.o
                0x00000000000298f8                __exidx_start = .

.ARM.exidx      0x00000000000298f8       0xc0
 *(.ARM.exidx* .gnu.linkonce.armexidx.*)
 .ARM.exidx     0x00000000000298f8        0x8 c:/eclipse/gnu mcu eclipse/arm embedded gcc/bin/../lib/gcc/arm-none-eabi/9.2.1/../../../../arm-none-eabi/lib/thumb/v7e-m+fp/hard/crt0.o
 .ARM.exidx.text.startup.main
                0x0000000000029900        0x8 _build/nrf52832_xxaa/main.cpp.o
 .ARM.exidx.text._ZN7_Serial5beginEm
                0x0000000000029908        0x8 _build/nrf52832_xxaa/UART.cpp.o
 .ARM.exidx.text._ZN7_Serial7printlnEPKc
                0x0000000000029910        0x0 _build/nrf52832_xxaa/UART.cpp.o
                                          0x8 (size before relaxing)
 .ARM.exidx.text._ZN5_Wire5beginEv
                0x0000000000029910        0x0 _build/nrf52832_xxaa/Wire.cpp.o
                                          0x8 (size before relaxing)
 .ARM.exidx.text._ZN5_Wire11requestFromEhh
                0x0000000000029910        0x0 _build/nrf52832_xxaa/Wire.cpp.o
                                          0x8 (size before relaxing)
 .ARM.exidx.text._ZN5_Wire17beginTransmissionEh
                0x0000000000029910        0x0 _build/nrf52832_xxaa/Wire.cpp.o
                                          0x8 (size before relaxing)
 .ARM.exidx.text._ZN5_Wire15endTransmissionEb
                0x0000000000029910        0x0 _build/nrf52832_xxaa/Wire.cpp.o
                                          0x8 (size before relaxing)
 .ARM.exidx.text._ZN5_Wire5writeEh
                0x0000000000029910        0x0 _build/nrf52832_xxaa/Wire.cpp.o
                                          0x8 (size before relaxing)
 .ARM.exidx.text._ZN5_Wire4readEv
                0x0000000000029910        0x0 _build/nrf52832_xxaa/Wire.cpp.o
                                          0x8 (size before relaxing)
 .ARM.exidx.text._ZN9_ICM209484InitEv
                0x0000000000029910        0x8 _build/nrf52832_xxaa/ICM20948.cpp.o
 .ARM.exidx.text._ZN9_ICM209489getRawAccEv
                0x0000000000029918        0x8 _build/nrf52832_xxaa/ICM20948.cpp.o
 .ARM.exidx.text._ZN9_ICM2094810getRawGyroEv
                0x0000000000029920        0x0 _build/nrf52832_xxaa/ICM20948.cpp.o
                                          0x8 (size before relaxing)
 .ARM.exidx.text._ZN9_ICM209489getRawMagEv
                0x0000000000029920        0x8 _build/nrf52832_xxaa/ICM20948.cpp.o
 .ARM.exidx.text._ZN9_ICM209487getTempEf
                0x0000000000029928       0x10 _build/nrf52832_xxaa/ICM20948.cpp.o
                                          0x8 (size before relaxing)
 .ARM.exidx.text.selfrel_offset31
                0x0000000000029938        0x0 c:/eclipse/gnu mcu eclipse/arm embedded gcc/bin/../lib/gcc/arm-none-eabi/9.2.1/thumb/v7e-m+fp/hard\libgcc.a(unwind-arm.o)
                                          0x8 (size before relaxing)
 .ARM.exidx.text.search_EIT_table
                0x0000000000029938        0x0 c:/eclipse/gnu mcu eclipse/arm embedded gcc/bin/../lib/gcc/arm-none-eabi/9.2.1/thumb/v7e-m+fp/hard\libgcc.a(unwind-arm.o)
                                          0x8 (size before relaxing)
 .ARM.exidx.text.__gnu_unwind_get_pr_addr
                0x0000000000029938        0x0 c:/eclipse/gnu mcu eclipse/arm embedded gcc/bin/../lib/gcc/arm-none-eabi/9.2.1/thumb/v7e-m+fp/hard\libgcc.a(unwind-arm.o)
                                          0x8 (size before relaxing)
 .ARM.exidx.text.get_eit_entry
                0x0000000000029938        0x8 c:/eclipse/gnu mcu eclipse/arm embedded gcc/bin/../lib/gcc/arm-none-eabi/9.2.1/thumb/v7e-m+fp/hard\libgcc.a(unwind-arm.o)
 .ARM.exidx.text.restore_non_core_regs
                0x0000000000029940        0x8 c:/eclipse/gnu mcu eclipse/arm embedded gcc/bin/../lib/gcc/arm-none-eabi/9.2.1/thumb/v7e-m+fp/hard\libgcc.a(unwind-arm.o)
 .ARM.exidx.text._Unwind_decode_typeinfo_ptr.isra.0
                0x0000000000029948        0x8 c:/eclipse/gnu mcu eclipse/arm embedded gcc/bin/../lib/gcc/arm-none-eabi/9.2.1/thumb/v7e-m+fp/hard\libgcc.a(unwind-arm.o)
 .ARM.exidx.text._Unwind_DebugHook
                0x0000000000029950        0x0 c:/eclipse/gnu mcu eclipse/arm embedded gcc/bin/../lib/gcc/arm-none-eabi/9.2.1/thumb/v7e-m+fp/hard\libgcc.a(unwind-arm.o)
                                          0x8 (size before relaxing)
 .ARM.exidx.text.unwind_phase2
                0x0000000000029950        0x8 c:/eclipse/gnu mcu eclipse/arm embedded gcc/bin/../lib/gcc/arm-none-eabi/9.2.1/thumb/v7e-m+fp/hard\libgcc.a(unwind-arm.o)
 .ARM.exidx.text.unwind_phase2_forced
                0x0000000000029958        0x8 c:/eclipse/gnu mcu eclipse/arm embedded gcc/bin/../lib/gcc/arm-none-eabi/9.2.1/thumb/v7e-m+fp/hard\libgcc.a(unwind-arm.o)
 .ARM.exidx.text.__gnu_Unwind_RaiseException
                0x0000000000029960        0x8 c:/eclipse/gnu mcu eclipse/arm embedded gcc/bin/../lib/gcc/arm-none-eabi/9.2.1/thumb/v7e-m+fp/hard\libgcc.a(unwind-arm.o)
 .ARM.exidx.text.__gnu_Unwind_ForcedUnwind
                0x0000000000029968        0x8 c:/eclipse/gnu mcu eclipse/arm embedded gcc/bin/../lib/gcc/arm-none-eabi/9.2.1/thumb/v7e-m+fp/hard\libgcc.a(unwind-arm.o)
 .ARM.exidx.text.__gnu_Unwind_Resume
                0x0000000000029970        0x8 c:/eclipse/gnu mcu eclipse/arm embedded gcc/bin/../lib/gcc/arm-none-eabi/9.2.1/thumb/v7e-m+fp/hard\libgcc.a(unwind-arm.o)
 .ARM.exidx.text.__gnu_Unwind_Resume_or_Rethrow
                0x0000000000029978        0x8 c:/eclipse/gnu mcu eclipse/arm embedded gcc/bin/../lib/gcc/arm-none-eabi/9.2.1/thumb/v7e-m+fp/hard\libgcc.a(unwind-arm.o)
 .ARM.exidx.text._Unwind_VRS_Get
                0x0000000000029980        0x0 c:/eclipse/gnu mcu eclipse/arm embedded gcc/bin/../lib/gcc/arm-none-eabi/9.2.1/thumb/v7e-m+fp/hard\libgcc.a(unwind-arm.o)
                                          0x8 (size before relaxing)
 .ARM.exidx.text._Unwind_GetGR
                0x0000000000029980        0x0 c:/eclipse/gnu mcu eclipse/arm embedded gcc/bin/../lib/gcc/arm-none-eabi/9.2.1/thumb/v7e-m+fp/hard\libgcc.a(unwind-arm.o)
                                          0x8 (size before relaxing)
 .ARM.exidx.text._Unwind_VRS_Set
                0x0000000000029980        0x0 c:/eclipse/gnu mcu eclipse/arm embedded gcc/bin/../lib/gcc/arm-none-eabi/9.2.1/thumb/v7e-m+fp/hard\libgcc.a(unwind-arm.o)
                                          0x8 (size before relaxing)
 .ARM.exidx.text._Unwind_SetGR
                0x0000000000029980        0x0 c:/eclipse/gnu mcu eclipse/arm embedded gcc/bin/../lib/gcc/arm-none-eabi/9.2.1/thumb/v7e-m+fp/hard\libgcc.a(unwind-arm.o)
                                          0x8 (size before relaxing)
 .ARM.exidx.text.__gnu_Unwind_Backtrace
                0x0000000000029980        0x8 c:/eclipse/gnu mcu eclipse/arm embedded gcc/bin/../lib/gcc/arm-none-eabi/9.2.1/thumb/v7e-m+fp/hard\libgcc.a(unwind-arm.o)
 .ARM.exidx.text.__gnu_unwind_pr_common
                0x0000000000029988        0x8 c:/eclipse/gnu mcu eclipse/arm embedded gcc/bin/../lib/gcc/arm-none-eabi/9.2.1/thumb/v7e-m+fp/hard\libgcc.a(unwind-arm.o)
 .ARM.exidx.text.__aeabi_unwind_cpp_pr0
                0x0000000000029990        0x8 c:/eclipse/gnu mcu eclipse/arm embedded gcc/bin/../lib/gcc/arm-none-eabi/9.2.1/thumb/v7e-m+fp/hard\libgcc.a(unwind-arm.o)
 .ARM.exidx.text.__aeabi_unwind_cpp_pr1
                0x0000000000029998        0x0 c:/eclipse/gnu mcu eclipse/arm embedded gcc/bin/../lib/gcc/arm-none-eabi/9.2.1/thumb/v7e-m+fp/hard\libgcc.a(unwind-arm.o)
                                          0x8 (size before relaxing)
 .ARM.exidx.text.__aeabi_unwind_cpp_pr2
                0x0000000000029998        0x0 c:/eclipse/gnu mcu eclipse/arm embedded gcc/bin/../lib/gcc/arm-none-eabi/9.2.1/thumb/v7e-m+fp/hard\libgcc.a(unwind-arm.o)
                                          0x8 (size before relaxing)
 .ARM.exidx.text._Unwind_VRS_Pop
                0x0000000000029998       0x10 c:/eclipse/gnu mcu eclipse/arm embedded gcc/bin/../lib/gcc/arm-none-eabi/9.2.1/thumb/v7e-m+fp/hard\libgcc.a(unwind-arm.o)
                                          0x8 (size before relaxing)
 .ARM.exidx.text.next_unwind_byte
                0x00000000000299a8        0x0 c:/eclipse/gnu mcu eclipse/arm embedded gcc/bin/../lib/gcc/arm-none-eabi/9.2.1/thumb/v7e-m+fp/hard\libgcc.a(pr-support.o)
                                          0x8 (size before relaxing)
 .ARM.exidx.text.__gnu_unwind_execute
                0x00000000000299a8       0x10 c:/eclipse/gnu mcu eclipse/arm embedded gcc/bin/../lib/gcc/arm-none-eabi/9.2.1/thumb/v7e-m+fp/hard\libgcc.a(pr-support.o)
                                          0x8 (size before relaxing)
                0x00000000000299b8                __exidx_end = .
                0x00000000000299b8                __etext = .

.rel.dyn        0x00000000000299b8        0x0
 .rel.iplt      0x00000000000299b8        0x0 c:/eclipse/gnu mcu eclipse/arm embedded gcc/bin/../lib/gcc/arm-none-eabi/9.2.1/thumb/v7e-m+fp/hard/crtbegin.o

.data           0x0000000020002ad8       0x70 load address 0x00000000000299b8
                0x0000000020002ad8                __data_start__ = .
 *(vtable)
 *(.data*)
 .data.SystemCoreClock
                0x0000000020002ad8        0x4 _build/nrf52832_xxaa/system_nrf52.c.o
                0x0000000020002ad8                SystemCoreClock
 .data._impure_ptr
                0x0000000020002adc        0x4 c:/eclipse/gnu mcu eclipse/arm embedded gcc/bin/../lib/gcc/arm-none-eabi/9.2.1/../../../../arm-none-eabi/lib/thumb/v7e-m+fp/hard\libc_nano.a(lib_a-impure.o)
                0x0000000020002adc                _impure_ptr
 .data.impure_data
                0x0000000020002ae0       0x60 c:/eclipse/gnu mcu eclipse/arm embedded gcc/bin/../lib/gcc/arm-none-eabi/9.2.1/../../../../arm-none-eabi/lib/thumb/v7e-m+fp/hard\libc_nano.a(lib_a-impure.o)
                0x0000000020002b40                . = ALIGN (0x4)
                0x0000000020002b40                PROVIDE (__preinit_array_start = .)
 *(.preinit_array)
                0x0000000020002b40                PROVIDE (__preinit_array_end = .)
                0x0000000020002b40                . = ALIGN (0x4)
                0x0000000020002b40                PROVIDE (__init_array_start = .)
 *(SORT_BY_NAME(.init_array.*))
 *(.init_array)
 .init_array    0x0000000020002b40        0x4 c:/eclipse/gnu mcu eclipse/arm embedded gcc/bin/../lib/gcc/arm-none-eabi/9.2.1/thumb/v7e-m+fp/hard/crtbegin.o
                0x0000000020002b44                PROVIDE (__init_array_end = .)
                0x0000000020002b44                . = ALIGN (0x4)
                [!provide]                        PROVIDE (__fini_array_start = .)
 *(SORT_BY_NAME(.fini_array.*))
 *(.fini_array)
 .fini_array    0x0000000020002b44        0x4 c:/eclipse/gnu mcu eclipse/arm embedded gcc/bin/../lib/gcc/arm-none-eabi/9.2.1/thumb/v7e-m+fp/hard/crtbegin.o
                [!provide]                        PROVIDE (__fini_array_end = .)
 *(.jcr*)
                0x0000000020002b48                . = ALIGN (0x4)
                0x0000000020002b48                __data_end__ = .
LOAD c:/eclipse/gnu mcu eclipse/arm embedded gcc/bin/../lib/gcc/arm-none-eabi/9.2.1/thumb/v7e-m+fp/hard/crti.o
LOAD c:/eclipse/gnu mcu eclipse/arm embedded gcc/bin/../lib/gcc/arm-none-eabi/9.2.1/thumb/v7e-m+fp/hard/crtbegin.o
LOAD c:/eclipse/gnu mcu eclipse/arm embedded gcc/bin/../lib/gcc/arm-none-eabi/9.2.1/../../../../arm-none-eabi/lib/thumb/v7e-m+fp/hard/crt0.o
LOAD _build/nrf52832_xxaa/gcc_startup_nrf52.S.o
LOAD _build/nrf52832_xxaa/nrf_log_frontend.c.o
LOAD _build/nrf52832_xxaa/nrf_log_str_formatter.c.o
LOAD _build/nrf52832_xxaa/app_button.c.o
LOAD _build/nrf52832_xxaa/app_error.c.o
LOAD _build/nrf52832_xxaa/app_error_handler_gcc.c.o
LOAD _build/nrf52832_xxaa/app_error_weak.c.o
LOAD _build/nrf52832_xxaa/app_fifo.c.o
LOAD _build/nrf52832_xxaa/app_scheduler.c.o
LOAD _build/nrf52832_xxaa/app_timer.c.o
LOAD _build/nrf52832_xxaa/app_uart_fifo.c.o
LOAD _build/nrf52832_xxaa/app_util_platform.c.o
LOAD _build/nrf52832_xxaa/hardfault_implementation.c.o
LOAD _build/nrf52832_xxaa/nrf_assert.c.o
LOAD _build/nrf52832_xxaa/nrf_atfifo.c.o
LOAD _build/nrf52832_xxaa/nrf_atflags.c.o
LOAD _build/nrf52832_xxaa/nrf_atomic.c.o
LOAD _build/nrf52832_xxaa/nrf_balloc.c.o
LOAD _build/nrf52832_xxaa/nrf_fprintf.c.o
LOAD _build/nrf52832_xxaa/nrf_fprintf_format.c.o
LOAD _build/nrf52832_xxaa/nrf_memobj.c.o
LOAD _build/nrf52832_xxaa/nrf_pwr_mgmt.c.o
LOAD _build/nrf52832_xxaa/nrf_ringbuf.c.o
LOAD _build/nrf52832_xxaa/nrf_section_iter.c.o
LOAD _build/nrf52832_xxaa/nrf_strerror.c.o
LOAD _build/nrf52832_xxaa/retarget.c.o
LOAD _build/nrf52832_xxaa/system_nrf52.c.o
LOAD _build/nrf52832_xxaa/boards.c.o
LOAD _build/nrf52832_xxaa/nrf_drv_clock.c.o
LOAD _build/nrf52832_xxaa/nrf_drv_uart.c.o
LOAD _build/nrf52832_xxaa/nrfx_atomic.c.o
LOAD _build/nrf52832_xxaa/nrfx_clock.c.o
LOAD _build/nrf52832_xxaa/nrfx_gpiote.c.o
LOAD _build/nrf52832_xxaa/nrfx_prs.c.o
LOAD _build/nrf52832_xxaa/nrfx_uart.c.o
LOAD _build/nrf52832_xxaa/nrfx_uarte.c.o
LOAD _build/nrf52832_xxaa/bsp.c.o
LOAD _build/nrf52832_xxaa/bsp_btn_ble.c.o
LOAD _build/nrf52832_xxaa/ble_advdata.c.o
LOAD _build/nrf52832_xxaa/ble_advertising.c.o
LOAD _build/nrf52832_xxaa/ble_conn_params.c.o
LOAD _build/nrf52832_xxaa/ble_conn_state.c.o
LOAD _build/nrf52832_xxaa/ble_link_ctx_manager.c.o
LOAD _build/nrf52832_xxaa/ble_srv_common.c.o
LOAD _build/nrf52832_xxaa/nrf_ble_gatt.c.o
LOAD _build/nrf52832_xxaa/nrf_ble_qwr.c.o
LOAD _build/nrf52832_xxaa/utf.c.o
LOAD _build/nrf52832_xxaa/ble_nus.c.o
LOAD _build/nrf52832_xxaa/nrf_sdh.c.o
LOAD _build/nrf52832_xxaa/nrf_sdh_ble.c.o
LOAD _build/nrf52832_xxaa/nrf_sdh_soc.c.o
LOAD _build/nrf52832_xxaa/nrf_nvmc.c.o
LOAD _build/nrf52832_xxaa/main.cpp.o
LOAD _build/nrf52832_xxaa/UART.cpp.o
LOAD _build/nrf52832_xxaa/Wire.cpp.o
LOAD _build/nrf52832_xxaa/ICM20948.cpp.o
LOAD c:/eclipse/gnu mcu eclipse/arm embedded gcc/bin/../lib/gcc/arm-none-eabi/9.2.1/../../../../arm-none-eabi/lib/thumb/v7e-m+fp/hard\libc_nano.a
LOAD c:/eclipse/gnu mcu eclipse/arm embedded gcc/bin/../lib/gcc/arm-none-eabi/9.2.1/../../../../arm-none-eabi/lib/thumb/v7e-m+fp/hard\libnosys.a
LOAD c:/eclipse/gnu mcu eclipse/arm embedded gcc/bin/../lib/gcc/arm-none-eabi/9.2.1/../../../../arm-none-eabi/lib/thumb/v7e-m+fp/hard\libm.a
START GROUP
LOAD c:/eclipse/gnu mcu eclipse/arm embedded gcc/bin/../lib/gcc/arm-none-eabi/9.2.1/thumb/v7e-m+fp/hard\libgcc.a
LOAD c:/eclipse/gnu mcu eclipse/arm embedded gcc/bin/../lib/gcc/arm-none-eabi/9.2.1/../../../../arm-none-eabi/lib/thumb/v7e-m+fp/hard\libg_nano.a
LOAD c:/eclipse/gnu mcu eclipse/arm embedded gcc/bin/../lib/gcc/arm-none-eabi/9.2.1/../../../../arm-none-eabi/lib/thumb/v7e-m+fp/hard\libc_nano.a
END GROUP
START GROUP
LOAD c:/eclipse/gnu mcu eclipse/arm embedded gcc/bin/../lib/gcc/arm-none-eabi/9.2.1/thumb/v7e-m+fp/hard\libgcc.a
LOAD c:/eclipse/gnu mcu eclipse/arm embedded gcc/bin/../lib/gcc/arm-none-eabi/9.2.1/../../../../arm-none-eabi/lib/thumb/v7e-m+fp/hard\libc_nano.a
END GROUP
LOAD c:/eclipse/gnu mcu eclipse/arm embedded gcc/bin/../lib/gcc/arm-none-eabi/9.2.1/thumb/v7e-m+fp/hard/crtend.o
LOAD c:/eclipse/gnu mcu eclipse/arm embedded gcc/bin/../lib/gcc/arm-none-eabi/9.2.1/thumb/v7e-m+fp/hard/crtn.o
START GROUP
LOAD c:/eclipse/gnu mcu eclipse/arm embedded gcc/bin/../lib/gcc/arm-none-eabi/9.2.1/thumb/v7e-m+fp/hard\libgcc.a
LOAD c:/eclipse/gnu mcu eclipse/arm embedded gcc/bin/../lib/gcc/arm-none-eabi/9.2.1/../../../../arm-none-eabi/lib/thumb/v7e-m+fp/hard\libc.a
LOAD c:/eclipse/gnu mcu eclipse/arm embedded gcc/bin/../lib/gcc/arm-none-eabi/9.2.1/../../../../arm-none-eabi/lib/thumb/v7e-m+fp/hard\libnosys.a
END GROUP

.igot.plt       0x0000000020002b48        0x0 load address 0x0000000000029a28
 .igot.plt      0x0000000020002b48        0x0 c:/eclipse/gnu mcu eclipse/arm embedded gcc/bin/../lib/gcc/arm-none-eabi/9.2.1/thumb/v7e-m+fp/hard/crtbegin.o
                0x0000000020002b48                . = ALIGN (0x4)

.mem_section_dummy_ram

.log_dynamic_data
                0x0000000020002b48        0x0
                [!provide]                        PROVIDE (__start_log_dynamic_data = .)
 *(SORT_BY_NAME(.log_dynamic_data*))
                [!provide]                        PROVIDE (__stop_log_dynamic_data = .)

.log_filter_data
                0x0000000020002b48        0x0
                [!provide]                        PROVIDE (__start_log_filter_data = .)
 *(SORT_BY_NAME(.log_filter_data*))
                [!provide]                        PROVIDE (__stop_log_filter_data = .)

.cli_sorted_cmd_ptrs
                0x0000000020002b48        0x0
                [!provide]                        PROVIDE (__start_cli_sorted_cmd_ptrs = .)
 *(.cli_sorted_cmd_ptrs)
                [!provide]                        PROVIDE (__stop_cli_sorted_cmd_ptrs = .)

.fs_data        0x0000000020002b48        0x0
                [!provide]                        PROVIDE (__start_fs_data = .)
 *(.fs_data)
                [!provide]                        PROVIDE (__stop_fs_data = .)

.bss            0x0000000020002b48      0x3a4 load address 0x0000000000029a28
                0x0000000020002b48                . = ALIGN (0x4)
                0x0000000020002b48                __bss_start__ = .
 *(.bss*)
 .bss.completed.10274
                0x0000000020002b48        0x1 c:/eclipse/gnu mcu eclipse/arm embedded gcc/bin/../lib/gcc/arm-none-eabi/9.2.1/thumb/v7e-m+fp/hard/crtbegin.o
 *fill*         0x0000000020002b49        0x3 
 .bss.object.10279
                0x0000000020002b4c       0x18 c:/eclipse/gnu mcu eclipse/arm embedded gcc/bin/../lib/gcc/arm-none-eabi/9.2.1/thumb/v7e-m+fp/hard/crtbegin.o
 .bss.m_op_queue
                0x0000000020002b64      0x10c _build/nrf52832_xxaa/app_timer.c.o
 .bss.m_rtc1_reset
                0x0000000020002c70        0x1 _build/nrf52832_xxaa/app_timer.c.o
 .bss.m_rtc1_running
                0x0000000020002c71        0x1 _build/nrf52832_xxaa/app_timer.c.o
 *fill*         0x0000000020002c72        0x2 
 .bss.m_ticks_elapsed
                0x0000000020002c74        0x8 _build/nrf52832_xxaa/app_timer.c.o
 .bss.m_ticks_elapsed_q_read_ind
                0x0000000020002c7c        0x1 _build/nrf52832_xxaa/app_timer.c.o
 .bss.m_ticks_elapsed_q_write_ind
                0x0000000020002c7d        0x1 _build/nrf52832_xxaa/app_timer.c.o
 *fill*         0x0000000020002c7e        0x2 
 .bss.m_ticks_latest
                0x0000000020002c80        0x4 _build/nrf52832_xxaa/app_timer.c.o
 .bss.mp_timer_id_head
                0x0000000020002c84        0x4 _build/nrf52832_xxaa/app_timer.c.o
 .bss.m_clock_cb
                0x0000000020002c88       0x14 _build/nrf52832_xxaa/nrf_drv_clock.c.o
 .bss.m_clock_cb
                0x0000000020002c9c        0x8 _build/nrf52832_xxaa/nrfx_clock.c.o
 .bss.m_cb      0x0000000020002ca4       0x2c _build/nrf52832_xxaa/nrfx_uart.c.o
 .bss.m_events_list
                0x0000000020002cd0        0xc _build/nrf52832_xxaa/bsp.c.o
 .bss.m_error_handler
                0x0000000020002cdc        0x4 _build/nrf52832_xxaa/bsp_btn_ble.c.o
 .bss.m_num_connections
                0x0000000020002ce0        0x4 _build/nrf52832_xxaa/bsp_btn_ble.c.o
 .bss.m_conn_params_config
                0x0000000020002ce4       0x1c _build/nrf52832_xxaa/ble_conn_params.c.o
 .bss.m_conn_params_instances
                0x0000000020002d00       0x14 _build/nrf52832_xxaa/ble_conn_params.c.o
 .bss.m_preferred_conn_params
                0x0000000020002d14        0x8 _build/nrf52832_xxaa/ble_conn_params.c.o
 .bss.m_bcs     0x0000000020002d1c       0x7c _build/nrf52832_xxaa/ble_conn_state.c.o
 .bss.m_nrf_sdh_enabled
                0x0000000020002d98        0x1 _build/nrf52832_xxaa/nrf_sdh.c.o
 .bss.m_stack_is_enabled
                0x0000000020002d99        0x1 _build/nrf52832_xxaa/nrf_sdh_ble.c.o
 *fill*         0x0000000020002d9a        0x2 
 .bss._ZL6Serial
                0x0000000020002d9c        0x1 _build/nrf52832_xxaa/main.cpp.o
 *fill*         0x0000000020002d9d        0x3 
 .bss._ZL8ICM20948
                0x0000000020002da0        0x4 _build/nrf52832_xxaa/main.cpp.o
 .bss.Serial    0x0000000020002da4        0x1 _build/nrf52832_xxaa/ICM20948.cpp.o
                0x0000000020002da4                Serial
 *fill*         0x0000000020002da5        0x3 
 .bss.Wire      0x0000000020002da8      0x101 _build/nrf52832_xxaa/ICM20948.cpp.o
                0x0000000020002da8                Wire
 *fill*         0x0000000020002ea9        0x3 
 .bss._ZZN9_ICM2094810getRawGyroEvE6output
                0x0000000020002eac        0x6 _build/nrf52832_xxaa/ICM20948.cpp.o
 *fill*         0x0000000020002eb2        0x2 
 .bss._ZZN9_ICM209489getRawAccEvE6output
                0x0000000020002eb4        0x6 _build/nrf52832_xxaa/ICM20948.cpp.o
 *fill*         0x0000000020002eba        0x2 
 .bss._ZZN9_ICM209489getRawMagEvE6output
                0x0000000020002ebc        0x6 _build/nrf52832_xxaa/ICM20948.cpp.o
 *fill*         0x0000000020002ec2        0x2 
 .bss.__malloc_free_list
                0x0000000020002ec4        0x4 c:/eclipse/gnu mcu eclipse/arm embedded gcc/bin/../lib/gcc/arm-none-eabi/9.2.1/../../../../arm-none-eabi/lib/thumb/v7e-m+fp/hard\libc_nano.a(lib_a-nano-mallocr.o)
                0x0000000020002ec4                __malloc_free_list
 .bss.__malloc_sbrk_start
                0x0000000020002ec8        0x4 c:/eclipse/gnu mcu eclipse/arm embedded gcc/bin/../lib/gcc/arm-none-eabi/9.2.1/../../../../arm-none-eabi/lib/thumb/v7e-m+fp/hard\libc_nano.a(lib_a-nano-mallocr.o)
                0x0000000020002ec8                __malloc_sbrk_start
 .bss.heap_end.5507
                0x0000000020002ecc        0x4 c:/eclipse/gnu mcu eclipse/arm embedded gcc/bin/../lib/gcc/arm-none-eabi/9.2.1/../../../../arm-none-eabi/lib/thumb/v7e-m+fp/hard\libnosys.a(sbrk.o)
 *(COMMON)
 COMMON         0x0000000020002ed0        0xc _build/nrf52832_xxaa/app_util_platform.c.o
                0x0000000020002ed0                nrf_nvic_state
 COMMON         0x0000000020002edc        0x4 c:/eclipse/gnu mcu eclipse/arm embedded gcc/bin/../lib/gcc/arm-none-eabi/9.2.1/../../../../arm-none-eabi/lib/thumb/v7e-m+fp/hard\libc_nano.a(lib_a-reent.o)
                0x0000000020002edc                errno
 COMMON         0x0000000020002ee0        0x9 c:/eclipse/gnu mcu eclipse/arm embedded gcc/bin/../lib/gcc/arm-none-eabi/9.2.1/../../../../arm-none-eabi/lib/thumb/v7e-m+fp/hard\libc_nano.a(lib_a-lock.o)
                0x0000000020002ee0                __lock___atexit_recursive_mutex
                0x0000000020002ee1                __lock___arc4random_mutex
                0x0000000020002ee2                __lock___env_recursive_mutex
                0x0000000020002ee3                __lock___sinit_recursive_mutex
                0x0000000020002ee4                __lock___malloc_recursive_mutex
                0x0000000020002ee5                __lock___at_quick_exit_mutex
                0x0000000020002ee6                __lock___dd_hash_mutex
                0x0000000020002ee7                __lock___tz_mutex
                0x0000000020002ee8                __lock___sfp_recursive_mutex
                0x0000000020002eec                . = ALIGN (0x4)
 *fill*         0x0000000020002ee9        0x3 
                0x0000000020002eec                __bss_end__ = .

.heap           0x0000000020002ef0     0x2000
                0x0000000020002ef0                __HeapBase = .
                0x0000000020002ef0                __end__ = .
                0x0000000020002ef0                PROVIDE (end = .)
 *(.heap*)
 .heap          0x0000000020002ef0     0x2000 _build/nrf52832_xxaa/gcc_startup_nrf52.S.o
                0x0000000020004ef0                __HeapLimit = .

.stack_dummy    0x0000000020002ef0     0x2000
 *(.stack*)
 .stack         0x0000000020002ef0     0x2000 _build/nrf52832_xxaa/gcc_startup_nrf52.S.o
                0x0000000020010000                __StackTop = (ORIGIN (RAM) + LENGTH (RAM))
                0x000000002000e000                __StackLimit = (__StackTop - SIZEOF (.stack_dummy))
                0x0000000020010000                PROVIDE (__stack = __StackTop)
                0x0000000000000001                ASSERT ((__StackLimit >= __HeapLimit), region RAM overflowed with stack)
                0x0000000000000070                DataInitFlashUsed = (__bss_start__ - __data_start__)
                0x00000000000039b8                CodeFlashUsed = (__etext - ORIGIN (FLASH))
                0x0000000000003a28                TotalFlashUsed = (CodeFlashUsed + DataInitFlashUsed)
                0x0000000000000001                ASSERT ((TotalFlashUsed <= LENGTH (FLASH)), region FLASH overflowed with .data and user data)
OUTPUT(_build/nrf52832_xxaa.out elf32-littlearm)

.ARM.attributes
                0x0000000000000000       0x30
 .ARM.attributes
                0x0000000000000000       0x1e c:/eclipse/gnu mcu eclipse/arm embedded gcc/bin/../lib/gcc/arm-none-eabi/9.2.1/thumb/v7e-m+fp/hard/crti.o
 .ARM.attributes
                0x000000000000001e       0x34 c:/eclipse/gnu mcu eclipse/arm embedded gcc/bin/../lib/gcc/arm-none-eabi/9.2.1/thumb/v7e-m+fp/hard/crtbegin.o
 .ARM.attributes
                0x0000000000000052       0x1c c:/eclipse/gnu mcu eclipse/arm embedded gcc/bin/../lib/gcc/arm-none-eabi/9.2.1/../../../../arm-none-eabi/lib/thumb/v7e-m+fp/hard/crt0.o
 .ARM.attributes
                0x000000000000006e       0x20 _build/nrf52832_xxaa/gcc_startup_nrf52.S.o
 .ARM.attributes
                0x000000000000008e       0x34 _build/nrf52832_xxaa/app_error.c.o
 .ARM.attributes
                0x00000000000000c2       0x34 _build/nrf52832_xxaa/app_error_weak.c.o
 .ARM.attributes
                0x00000000000000f6       0x34 _build/nrf52832_xxaa/app_timer.c.o
 .ARM.attributes
                0x000000000000012a       0x34 _build/nrf52832_xxaa/app_util_platform.c.o
 .ARM.attributes
                0x000000000000015e       0x34 _build/nrf52832_xxaa/nrf_atflags.c.o
 .ARM.attributes
                0x0000000000000192       0x34 _build/nrf52832_xxaa/nrf_atomic.c.o
 .ARM.attributes
                0x00000000000001c6       0x34 _build/nrf52832_xxaa/nrf_section_iter.c.o
 .ARM.attributes
                0x00000000000001fa       0x34 _build/nrf52832_xxaa/system_nrf52.c.o
 .ARM.attributes
                0x000000000000022e       0x34 _build/nrf52832_xxaa/nrf_drv_clock.c.o
 .ARM.attributes
                0x0000000000000262       0x34 _build/nrf52832_xxaa/nrfx_clock.c.o
 .ARM.attributes
                0x0000000000000296       0x34 _build/nrf52832_xxaa/nrfx_uart.c.o
 .ARM.attributes
                0x00000000000002ca       0x34 _build/nrf52832_xxaa/bsp.c.o
 .ARM.attributes
                0x00000000000002fe       0x34 _build/nrf52832_xxaa/bsp_btn_ble.c.o
 .ARM.attributes
                0x0000000000000332       0x34 _build/nrf52832_xxaa/ble_conn_params.c.o
 .ARM.attributes
                0x0000000000000366       0x34 _build/nrf52832_xxaa/ble_conn_state.c.o
 .ARM.attributes
                0x000000000000039a       0x34 _build/nrf52832_xxaa/ble_srv_common.c.o
 .ARM.attributes
                0x00000000000003ce       0x34 _build/nrf52832_xxaa/nrf_sdh.c.o
 .ARM.attributes
                0x0000000000000402       0x34 _build/nrf52832_xxaa/nrf_sdh_ble.c.o
 .ARM.attributes
                0x0000000000000436       0x34 _build/nrf52832_xxaa/nrf_sdh_soc.c.o
 .ARM.attributes
                0x000000000000046a       0x34 _build/nrf52832_xxaa/main.cpp.o
 .ARM.attributes
                0x000000000000049e       0x34 _build/nrf52832_xxaa/UART.cpp.o
 .ARM.attributes
                0x00000000000004d2       0x34 _build/nrf52832_xxaa/Wire.cpp.o
 .ARM.attributes
                0x0000000000000506       0x34 _build/nrf52832_xxaa/ICM20948.cpp.o
 .ARM.attributes
                0x000000000000053a       0x34 c:/eclipse/gnu mcu eclipse/arm embedded gcc/bin/../lib/gcc/arm-none-eabi/9.2.1/../../../../arm-none-eabi/lib/thumb/v7e-m+fp/hard\libc_nano.a(lib_a-exit.o)
 .ARM.attributes
                0x000000000000056e       0x32 c:/eclipse/gnu mcu eclipse/arm embedded gcc/bin/../lib/gcc/arm-none-eabi/9.2.1/../../../../arm-none-eabi/lib/thumb/v7e-m+fp/hard\libc_nano.a(lib_a-impure.o)
 .ARM.attributes
                0x00000000000005a0       0x34 c:/eclipse/gnu mcu eclipse/arm embedded gcc/bin/../lib/gcc/arm-none-eabi/9.2.1/../../../../arm-none-eabi/lib/thumb/v7e-m+fp/hard\libc_nano.a(lib_a-init.o)
 .ARM.attributes
                0x00000000000005d4       0x34 c:/eclipse/gnu mcu eclipse/arm embedded gcc/bin/../lib/gcc/arm-none-eabi/9.2.1/../../../../arm-none-eabi/lib/thumb/v7e-m+fp/hard\libc_nano.a(lib_a-memcpy-stub.o)
 .ARM.attributes
                0x0000000000000608       0x34 c:/eclipse/gnu mcu eclipse/arm embedded gcc/bin/../lib/gcc/arm-none-eabi/9.2.1/../../../../arm-none-eabi/lib/thumb/v7e-m+fp/hard\libc_nano.a(lib_a-memset.o)
 .ARM.attributes
                0x000000000000063c       0x34 c:/eclipse/gnu mcu eclipse/arm embedded gcc/bin/../lib/gcc/arm-none-eabi/9.2.1/../../../../arm-none-eabi/lib/thumb/v7e-m+fp/hard\libc_nano.a(lib_a-sprintf.o)
 .ARM.attributes
                0x0000000000000670       0x17 c:/eclipse/gnu mcu eclipse/arm embedded gcc/bin/../lib/gcc/arm-none-eabi/9.2.1/../../../../arm-none-eabi/lib/thumb/v7e-m+fp/hard\libc_nano.a(lib_a-strlen.o)
 .ARM.attributes
                0x0000000000000687       0x34 c:/eclipse/gnu mcu eclipse/arm embedded gcc/bin/../lib/gcc/arm-none-eabi/9.2.1/../../../../arm-none-eabi/lib/thumb/v7e-m+fp/hard\libc_nano.a(lib_a-nano-svfprintf.o)
 .ARM.attributes
                0x00000000000006bb       0x34 c:/eclipse/gnu mcu eclipse/arm embedded gcc/bin/../lib/gcc/arm-none-eabi/9.2.1/../../../../arm-none-eabi/lib/thumb/v7e-m+fp/hard\libc_nano.a(lib_a-nano-vfprintf_i.o)
 .ARM.attributes
                0x00000000000006ef       0x1c c:/eclipse/gnu mcu eclipse/arm embedded gcc/bin/../lib/gcc/arm-none-eabi/9.2.1/../../../../arm-none-eabi/lib/thumb/v7e-m+fp/hard\libc_nano.a(lib_a-memchr.o)
 .ARM.attributes
                0x000000000000070b       0x34 c:/eclipse/gnu mcu eclipse/arm embedded gcc/bin/../lib/gcc/arm-none-eabi/9.2.1/../../../../arm-none-eabi/lib/thumb/v7e-m+fp/hard\libc_nano.a(lib_a-memmove.o)
 .ARM.attributes
                0x000000000000073f       0x34 c:/eclipse/gnu mcu eclipse/arm embedded gcc/bin/../lib/gcc/arm-none-eabi/9.2.1/../../../../arm-none-eabi/lib/thumb/v7e-m+fp/hard\libc_nano.a(lib_a-nano-freer.o)
 .ARM.attributes
                0x0000000000000773       0x34 c:/eclipse/gnu mcu eclipse/arm embedded gcc/bin/../lib/gcc/arm-none-eabi/9.2.1/../../../../arm-none-eabi/lib/thumb/v7e-m+fp/hard\libc_nano.a(lib_a-nano-mallocr.o)
 .ARM.attributes
                0x00000000000007a7       0x34 c:/eclipse/gnu mcu eclipse/arm embedded gcc/bin/../lib/gcc/arm-none-eabi/9.2.1/../../../../arm-none-eabi/lib/thumb/v7e-m+fp/hard\libc_nano.a(lib_a-nano-reallocr.o)
 .ARM.attributes
                0x00000000000007db       0x34 c:/eclipse/gnu mcu eclipse/arm embedded gcc/bin/../lib/gcc/arm-none-eabi/9.2.1/../../../../arm-none-eabi/lib/thumb/v7e-m+fp/hard\libc_nano.a(lib_a-sbrkr.o)
 .ARM.attributes
                0x000000000000080f       0x34 c:/eclipse/gnu mcu eclipse/arm embedded gcc/bin/../lib/gcc/arm-none-eabi/9.2.1/../../../../arm-none-eabi/lib/thumb/v7e-m+fp/hard\libc_nano.a(lib_a-mlock.o)
 .ARM.attributes
                0x0000000000000843       0x34 c:/eclipse/gnu mcu eclipse/arm embedded gcc/bin/../lib/gcc/arm-none-eabi/9.2.1/../../../../arm-none-eabi/lib/thumb/v7e-m+fp/hard\libc_nano.a(lib_a-nano-msizer.o)
 .ARM.attributes
                0x0000000000000877       0x34 c:/eclipse/gnu mcu eclipse/arm embedded gcc/bin/../lib/gcc/arm-none-eabi/9.2.1/../../../../arm-none-eabi/lib/thumb/v7e-m+fp/hard\libc_nano.a(lib_a-reent.o)
 .ARM.attributes
                0x00000000000008ab       0x34 c:/eclipse/gnu mcu eclipse/arm embedded gcc/bin/../lib/gcc/arm-none-eabi/9.2.1/../../../../arm-none-eabi/lib/thumb/v7e-m+fp/hard\libc_nano.a(lib_a-lock.o)
 .ARM.attributes
                0x00000000000008df       0x34 c:/eclipse/gnu mcu eclipse/arm embedded gcc/bin/../lib/gcc/arm-none-eabi/9.2.1/../../../../arm-none-eabi/lib/thumb/v7e-m+fp/hard\libnosys.a(sbrk.o)
 .ARM.attributes
                0x0000000000000913       0x34 c:/eclipse/gnu mcu eclipse/arm embedded gcc/bin/../lib/gcc/arm-none-eabi/9.2.1/../../../../arm-none-eabi/lib/thumb/v7e-m+fp/hard\libnosys.a(_exit.o)
 .ARM.attributes
                0x0000000000000947       0x32 c:/eclipse/gnu mcu eclipse/arm embedded gcc/bin/../lib/gcc/arm-none-eabi/9.2.1/thumb/v7e-m+fp/hard/crtend.o
 .ARM.attributes
                0x0000000000000979       0x1e c:/eclipse/gnu mcu eclipse/arm embedded gcc/bin/../lib/gcc/arm-none-eabi/9.2.1/thumb/v7e-m+fp/hard/crtn.o

.comment        0x0000000000000000       0x66
 .comment       0x0000000000000000       0x66 _build/nrf52832_xxaa/app_error.c.o
                                         0x67 (size before relaxing)
 .comment       0x0000000000000066       0x67 _build/nrf52832_xxaa/app_error_weak.c.o
 .comment       0x0000000000000066       0x67 _build/nrf52832_xxaa/app_timer.c.o
 .comment       0x0000000000000066       0x67 _build/nrf52832_xxaa/app_util_platform.c.o
 .comment       0x0000000000000066       0x67 _build/nrf52832_xxaa/nrf_atflags.c.o
 .comment       0x0000000000000066       0x67 _build/nrf52832_xxaa/nrf_atomic.c.o
 .comment       0x0000000000000066       0x67 _build/nrf52832_xxaa/nrf_section_iter.c.o
 .comment       0x0000000000000066       0x67 _build/nrf52832_xxaa/system_nrf52.c.o
 .comment       0x0000000000000066       0x67 _build/nrf52832_xxaa/nrf_drv_clock.c.o
 .comment       0x0000000000000066       0x67 _build/nrf52832_xxaa/nrfx_clock.c.o
 .comment       0x0000000000000066       0x67 _build/nrf52832_xxaa/nrfx_uart.c.o
 .comment       0x0000000000000066       0x67 _build/nrf52832_xxaa/bsp.c.o
 .comment       0x0000000000000066       0x67 _build/nrf52832_xxaa/bsp_btn_ble.c.o
 .comment       0x0000000000000066       0x67 _build/nrf52832_xxaa/ble_conn_params.c.o
 .comment       0x0000000000000066       0x67 _build/nrf52832_xxaa/ble_conn_state.c.o
 .comment       0x0000000000000066       0x67 _build/nrf52832_xxaa/ble_srv_common.c.o
 .comment       0x0000000000000066       0x67 _build/nrf52832_xxaa/nrf_sdh.c.o
 .comment       0x0000000000000066       0x67 _build/nrf52832_xxaa/nrf_sdh_ble.c.o
 .comment       0x0000000000000066       0x67 _build/nrf52832_xxaa/nrf_sdh_soc.c.o
 .comment       0x0000000000000066       0x67 _build/nrf52832_xxaa/main.cpp.o
 .comment       0x0000000000000066       0x67 _build/nrf52832_xxaa/UART.cpp.o
 .comment       0x0000000000000066       0x67 _build/nrf52832_xxaa/Wire.cpp.o
 .comment       0x0000000000000066       0x67 _build/nrf52832_xxaa/ICM20948.cpp.o

.debug_line     0x0000000000000000    0x12f34
 .debug_line    0x0000000000000000       0x8b _build/nrf52832_xxaa/gcc_startup_nrf52.S.o
 .debug_line    0x000000000000008b      0x5a7 _build/nrf52832_xxaa/app_error.c.o
 .debug_line    0x0000000000000632      0x847 _build/nrf52832_xxaa/app_error_weak.c.o
 .debug_line    0x0000000000000e79     0x17ea _build/nrf52832_xxaa/app_timer.c.o
 .debug_line    0x0000000000002663      0x7e5 _build/nrf52832_xxaa/app_util_platform.c.o
 .debug_line    0x0000000000002e48      0x8b6 _build/nrf52832_xxaa/nrf_atflags.c.o
 .debug_line    0x00000000000036fe      0x91c _build/nrf52832_xxaa/nrf_atomic.c.o
 .debug_line    0x000000000000401a      0x5ee _build/nrf52832_xxaa/nrf_section_iter.c.o
 .debug_line    0x0000000000004608      0x910 _build/nrf52832_xxaa/system_nrf52.c.o
 .debug_line    0x0000000000004f18     0x121a _build/nrf52832_xxaa/nrf_drv_clock.c.o
 .debug_line    0x0000000000006132     0x101e _build/nrf52832_xxaa/nrfx_clock.c.o
 .debug_line    0x0000000000007150     0x1e94 _build/nrf52832_xxaa/nrfx_uart.c.o
 .debug_line    0x0000000000008fe4     0x1229 _build/nrf52832_xxaa/bsp.c.o
 .debug_line    0x000000000000a20d      0xbaf _build/nrf52832_xxaa/bsp_btn_ble.c.o
 .debug_line    0x000000000000adbc      0xe7f _build/nrf52832_xxaa/ble_conn_params.c.o
 .debug_line    0x000000000000bc3b     0x1235 _build/nrf52832_xxaa/ble_conn_state.c.o
 .debug_line    0x000000000000ce70      0xaf7 _build/nrf52832_xxaa/ble_srv_common.c.o
 .debug_line    0x000000000000d967     0x1021 _build/nrf52832_xxaa/nrf_sdh.c.o
 .debug_line    0x000000000000e988      0xa74 _build/nrf52832_xxaa/nrf_sdh_ble.c.o
 .debug_line    0x000000000000f3fc      0x812 _build/nrf52832_xxaa/nrf_sdh_soc.c.o
 .debug_line    0x000000000000fc0e      0x8f8 _build/nrf52832_xxaa/main.cpp.o
 .debug_line    0x0000000000010506      0xacf _build/nrf52832_xxaa/UART.cpp.o
 .debug_line    0x0000000000010fd5      0xad4 _build/nrf52832_xxaa/Wire.cpp.o
 .debug_line    0x0000000000011aa9     0x148b _build/nrf52832_xxaa/ICM20948.cpp.o

.debug_info     0x0000000000000000    0x2b7ef
 .debug_info    0x0000000000000000       0x26 _build/nrf52832_xxaa/gcc_startup_nrf52.S.o
 .debug_info    0x0000000000000026      0xbac _build/nrf52832_xxaa/app_error.c.o
 .debug_info    0x0000000000000bd2      0xf9f _build/nrf52832_xxaa/app_error_weak.c.o
 .debug_info    0x0000000000001b71     0x29ce _build/nrf52832_xxaa/app_timer.c.o
 .debug_info    0x000000000000453f     0x12f5 _build/nrf52832_xxaa/app_util_platform.c.o
 .debug_info    0x0000000000005834      0xf4f _build/nrf52832_xxaa/nrf_atflags.c.o
 .debug_info    0x0000000000006783     0x13e4 _build/nrf52832_xxaa/nrf_atomic.c.o
 .debug_info    0x0000000000007b67      0xac1 _build/nrf52832_xxaa/nrf_section_iter.c.o
 .debug_info    0x0000000000008628     0x1277 _build/nrf52832_xxaa/system_nrf52.c.o
 .debug_info    0x000000000000989f     0x2052 _build/nrf52832_xxaa/nrf_drv_clock.c.o
 .debug_info    0x000000000000b8f1     0x1e3b _build/nrf52832_xxaa/nrfx_clock.c.o
 .debug_info    0x000000000000d72c     0x4084 _build/nrf52832_xxaa/nrfx_uart.c.o
 .debug_info    0x00000000000117b0     0x1e8e _build/nrf52832_xxaa/bsp.c.o
 .debug_info    0x000000000001363e     0x28b2 _build/nrf52832_xxaa/bsp_btn_ble.c.o
 .debug_info    0x0000000000015ef0     0x3556 _build/nrf52832_xxaa/ble_conn_params.c.o
 .debug_info    0x0000000000019446     0x39c9 _build/nrf52832_xxaa/ble_conn_state.c.o
 .debug_info    0x000000000001ce0f     0x1702 _build/nrf52832_xxaa/ble_srv_common.c.o
 .debug_info    0x000000000001e511     0x2045 _build/nrf52832_xxaa/nrf_sdh.c.o
 .debug_info    0x0000000000020556     0x3045 _build/nrf52832_xxaa/nrf_sdh_ble.c.o
 .debug_info    0x000000000002359b      0xf5a _build/nrf52832_xxaa/nrf_sdh_soc.c.o
 .debug_info    0x00000000000244f5     0x14eb _build/nrf52832_xxaa/main.cpp.o
 .debug_info    0x00000000000259e0     0x1000 _build/nrf52832_xxaa/UART.cpp.o
 .debug_info    0x00000000000269e0     0x10fd _build/nrf52832_xxaa/Wire.cpp.o
 .debug_info    0x0000000000027add     0x3d12 _build/nrf52832_xxaa/ICM20948.cpp.o

.debug_abbrev   0x0000000000000000     0x5c65
 .debug_abbrev  0x0000000000000000       0x14 _build/nrf52832_xxaa/gcc_startup_nrf52.S.o
 .debug_abbrev  0x0000000000000014      0x276 _build/nrf52832_xxaa/app_error.c.o
 .debug_abbrev  0x000000000000028a      0x2b2 _build/nrf52832_xxaa/app_error_weak.c.o
 .debug_abbrev  0x000000000000053c      0x531 _build/nrf52832_xxaa/app_timer.c.o
 .debug_abbrev  0x0000000000000a6d      0x3df _build/nrf52832_xxaa/app_util_platform.c.o
 .debug_abbrev  0x0000000000000e4c      0x367 _build/nrf52832_xxaa/nrf_atflags.c.o
 .debug_abbrev  0x00000000000011b3      0x378 _build/nrf52832_xxaa/nrf_atomic.c.o
 .debug_abbrev  0x000000000000152b      0x206 _build/nrf52832_xxaa/nrf_section_iter.c.o
 .debug_abbrev  0x0000000000001731      0x226 _build/nrf52832_xxaa/system_nrf52.c.o
 .debug_abbrev  0x0000000000001957      0x5da _build/nrf52832_xxaa/nrf_drv_clock.c.o
 .debug_abbrev  0x0000000000001f31      0x534 _build/nrf52832_xxaa/nrfx_clock.c.o
 .debug_abbrev  0x0000000000002465      0x52d _build/nrf52832_xxaa/nrfx_uart.c.o
 .debug_abbrev  0x0000000000002992      0x52c _build/nrf52832_xxaa/bsp.c.o
 .debug_abbrev  0x0000000000002ebe      0x3c6 _build/nrf52832_xxaa/bsp_btn_ble.c.o
 .debug_abbrev  0x0000000000003284      0x587 _build/nrf52832_xxaa/ble_conn_params.c.o
 .debug_abbrev  0x000000000000380b      0x5c2 _build/nrf52832_xxaa/ble_conn_state.c.o
 .debug_abbrev  0x0000000000003dcd      0x3be _build/nrf52832_xxaa/ble_srv_common.c.o
 .debug_abbrev  0x000000000000418b      0x54d _build/nrf52832_xxaa/nrf_sdh.c.o
 .debug_abbrev  0x00000000000046d8      0x45d _build/nrf52832_xxaa/nrf_sdh_ble.c.o
 .debug_abbrev  0x0000000000004b35      0x2e2 _build/nrf52832_xxaa/nrf_sdh_soc.c.o
 .debug_abbrev  0x0000000000004e17      0x323 _build/nrf52832_xxaa/main.cpp.o
 .debug_abbrev  0x000000000000513a      0x309 _build/nrf52832_xxaa/UART.cpp.o
 .debug_abbrev  0x0000000000005443      0x353 _build/nrf52832_xxaa/Wire.cpp.o
 .debug_abbrev  0x0000000000005796      0x4cf _build/nrf52832_xxaa/ICM20948.cpp.o

.debug_aranges  0x0000000000000000      0x870
 .debug_aranges
                0x0000000000000000       0x20 _build/nrf52832_xxaa/gcc_startup_nrf52.S.o
 .debug_aranges
                0x0000000000000020       0x28 _build/nrf52832_xxaa/app_error.c.o
 .debug_aranges
                0x0000000000000048       0x20 _build/nrf52832_xxaa/app_error_weak.c.o
 .debug_aranges
                0x0000000000000068       0x70 _build/nrf52832_xxaa/app_timer.c.o
 .debug_aranges
                0x00000000000000d8       0x48 _build/nrf52832_xxaa/app_util_platform.c.o
 .debug_aranges
                0x0000000000000120       0x58 _build/nrf52832_xxaa/nrf_atflags.c.o
 .debug_aranges
                0x0000000000000178       0xb0 _build/nrf52832_xxaa/nrf_atomic.c.o
 .debug_aranges
                0x0000000000000228       0x28 _build/nrf52832_xxaa/nrf_section_iter.c.o
 .debug_aranges
                0x0000000000000250       0x28 _build/nrf52832_xxaa/system_nrf52.c.o
 .debug_aranges
                0x0000000000000278       0xa8 _build/nrf52832_xxaa/nrf_drv_clock.c.o
 .debug_aranges
                0x0000000000000320       0x78 _build/nrf52832_xxaa/nrfx_clock.c.o
 .debug_aranges
                0x0000000000000398       0x78 _build/nrf52832_xxaa/nrfx_uart.c.o
 .debug_aranges
                0x0000000000000410       0x80 _build/nrf52832_xxaa/bsp.c.o
 .debug_aranges
                0x0000000000000490       0x30 _build/nrf52832_xxaa/bsp_btn_ble.c.o
 .debug_aranges
                0x00000000000004c0       0x60 _build/nrf52832_xxaa/ble_conn_params.c.o
 .debug_aranges
                0x0000000000000520       0xc8 _build/nrf52832_xxaa/ble_conn_state.c.o
 .debug_aranges
                0x00000000000005e8       0x58 _build/nrf52832_xxaa/ble_srv_common.c.o
 .debug_aranges
                0x0000000000000640       0x70 _build/nrf52832_xxaa/nrf_sdh.c.o
 .debug_aranges
                0x00000000000006b0       0x58 _build/nrf52832_xxaa/nrf_sdh_ble.c.o
 .debug_aranges
                0x0000000000000708       0x28 _build/nrf52832_xxaa/nrf_sdh_soc.c.o
 .debug_aranges
                0x0000000000000730       0x20 _build/nrf52832_xxaa/main.cpp.o
 .debug_aranges
                0x0000000000000750       0x48 _build/nrf52832_xxaa/UART.cpp.o
 .debug_aranges
                0x0000000000000798       0x58 _build/nrf52832_xxaa/Wire.cpp.o
 .debug_aranges
                0x00000000000007f0       0x80 _build/nrf52832_xxaa/ICM20948.cpp.o

.debug_str      0x0000000000000000    0x8faea
 .debug_str     0x0000000000000000       0x88 _build/nrf52832_xxaa/gcc_startup_nrf52.S.o
 .debug_str     0x0000000000000088    0x5ff4a _build/nrf52832_xxaa/app_error.c.o
                                      0x60b29 (size before relaxing)
 .debug_str     0x000000000005ffd2    0x14292 _build/nrf52832_xxaa/app_error_weak.c.o
                                      0x761af (size before relaxing)
 .debug_str     0x0000000000074264     0x82bf _build/nrf52832_xxaa/app_timer.c.o
                                      0x7af0c (size before relaxing)
 .debug_str     0x000000000007c523      0x26c _build/nrf52832_xxaa/app_util_platform.c.o
                                      0x61f14 (size before relaxing)
 .debug_str     0x000000000007c78f      0x3d9 _build/nrf52832_xxaa/nrf_atflags.c.o
                                      0x7164c (size before relaxing)
 .debug_str     0x000000000007cb68      0x6e9 _build/nrf52832_xxaa/nrf_atomic.c.o
                                      0x719a7 (size before relaxing)
 .debug_str     0x000000000007d251      0x25a _build/nrf52832_xxaa/nrf_section_iter.c.o
                                      0x717cf (size before relaxing)
 .debug_str     0x000000000007d4ab      0x474 _build/nrf52832_xxaa/system_nrf52.c.o
                                      0x5c5bb (size before relaxing)
 .debug_str     0x000000000007d91f     0x1639 _build/nrf52832_xxaa/nrf_drv_clock.c.o
                                      0x7e263 (size before relaxing)
 .debug_str     0x000000000007ef58      0x8a2 _build/nrf52832_xxaa/nrfx_clock.c.o
                                      0x7d758 (size before relaxing)
 .debug_str     0x000000000007f7fa     0x11f6 _build/nrf52832_xxaa/nrfx_uart.c.o
                                      0x7dfb2 (size before relaxing)
 .debug_str     0x00000000000809f0     0x21ad _build/nrf52832_xxaa/bsp.c.o
                                      0x7bf6c (size before relaxing)
 .debug_str     0x0000000000082b9d     0x6bf1 _build/nrf52832_xxaa/bsp_btn_ble.c.o
                                      0x820c6 (size before relaxing)
 .debug_str     0x000000000008978e     0x1d2d _build/nrf52832_xxaa/ble_conn_params.c.o
                                      0x7ac05 (size before relaxing)
 .debug_str     0x000000000008b4bb      0x875 _build/nrf52832_xxaa/ble_conn_state.c.o
                                      0x7a30b (size before relaxing)
 .debug_str     0x000000000008bd30      0x6a7 _build/nrf52832_xxaa/ble_srv_common.c.o
                                      0x6f29d (size before relaxing)
 .debug_str     0x000000000008c3d7      0x546 _build/nrf52832_xxaa/nrf_sdh.c.o
                                      0x76b7d (size before relaxing)
 .debug_str     0x000000000008c91d      0x7ec _build/nrf52832_xxaa/nrf_sdh_ble.c.o
                                      0x7ba29 (size before relaxing)
 .debug_str     0x000000000008d109      0x189 _build/nrf52832_xxaa/nrf_sdh_soc.c.o
                                      0x75b36 (size before relaxing)
 .debug_str     0x000000000008d292     0x2675 _build/nrf52832_xxaa/main.cpp.o
                                      0x7bd1a (size before relaxing)
 .debug_str     0x000000000008f907       0x18 _build/nrf52832_xxaa/UART.cpp.o
                                      0x7abaf (size before relaxing)
 .debug_str     0x000000000008f91f      0x12b _build/nrf52832_xxaa/Wire.cpp.o
                                      0x7ac2e (size before relaxing)
 .debug_str     0x000000000008fa4a       0xa0 _build/nrf52832_xxaa/ICM20948.cpp.o
                                      0x7bf15 (size before relaxing)

.debug_loc      0x0000000000000000     0xa3b3
 .debug_loc     0x0000000000000000       0xc8 _build/nrf52832_xxaa/app_error.c.o
 .debug_loc     0x00000000000000c8       0x4a _build/nrf52832_xxaa/app_error_weak.c.o
 .debug_loc     0x0000000000000112     0x142a _build/nrf52832_xxaa/app_timer.c.o
 .debug_loc     0x000000000000153c      0x1e9 _build/nrf52832_xxaa/app_util_platform.c.o
 .debug_loc     0x0000000000001725      0x4e7 _build/nrf52832_xxaa/nrf_atflags.c.o
 .debug_loc     0x0000000000001c0c      0x587 _build/nrf52832_xxaa/nrf_atomic.c.o
 .debug_loc     0x0000000000002193      0x58b _build/nrf52832_xxaa/nrf_drv_clock.c.o
 .debug_loc     0x000000000000271e      0x341 _build/nrf52832_xxaa/nrfx_clock.c.o
 .debug_loc     0x0000000000002a5f     0x1f29 _build/nrf52832_xxaa/nrfx_uart.c.o
 .debug_loc     0x0000000000004988      0xdd6 _build/nrf52832_xxaa/bsp.c.o
 .debug_loc     0x000000000000575e      0x2a2 _build/nrf52832_xxaa/bsp_btn_ble.c.o
 .debug_loc     0x0000000000005a00      0xdd4 _build/nrf52832_xxaa/ble_conn_params.c.o
 .debug_loc     0x00000000000067d4     0x1318 _build/nrf52832_xxaa/ble_conn_state.c.o
 .debug_loc     0x0000000000007aec      0x6d9 _build/nrf52832_xxaa/ble_srv_common.c.o
 .debug_loc     0x00000000000081c5      0x4c7 _build/nrf52832_xxaa/nrf_sdh.c.o
 .debug_loc     0x000000000000868c      0x278 _build/nrf52832_xxaa/nrf_sdh_ble.c.o
 .debug_loc     0x0000000000008904       0x97 _build/nrf52832_xxaa/nrf_sdh_soc.c.o
 .debug_loc     0x000000000000899b       0x55 _build/nrf52832_xxaa/main.cpp.o
 .debug_loc     0x00000000000089f0      0x1e6 _build/nrf52832_xxaa/UART.cpp.o
 .debug_loc     0x0000000000008bd6      0x22b _build/nrf52832_xxaa/Wire.cpp.o
 .debug_loc     0x0000000000008e01     0x15b2 _build/nrf52832_xxaa/ICM20948.cpp.o

.debug_ranges   0x0000000000000000     0x3358
 .debug_ranges  0x0000000000000000       0x18 _build/nrf52832_xxaa/app_error.c.o
 .debug_ranges  0x0000000000000018       0x10 _build/nrf52832_xxaa/app_error_weak.c.o
 .debug_ranges  0x0000000000000028      0x788 _build/nrf52832_xxaa/app_timer.c.o
 .debug_ranges  0x00000000000007b0      0x100 _build/nrf52832_xxaa/app_util_platform.c.o
 .debug_ranges  0x00000000000008b0      0x188 _build/nrf52832_xxaa/nrf_atflags.c.o
 .debug_ranges  0x0000000000000a38      0x228 _build/nrf52832_xxaa/nrf_atomic.c.o
 .debug_ranges  0x0000000000000c60       0x18 _build/nrf52832_xxaa/nrf_section_iter.c.o
 .debug_ranges  0x0000000000000c78      0x208 _build/nrf52832_xxaa/system_nrf52.c.o
 .debug_ranges  0x0000000000000e80      0x350 _build/nrf52832_xxaa/nrf_drv_clock.c.o
 .debug_ranges  0x00000000000011d0      0x2d8 _build/nrf52832_xxaa/nrfx_clock.c.o
 .debug_ranges  0x00000000000014a8      0x968 _build/nrf52832_xxaa/nrfx_uart.c.o
 .debug_ranges  0x0000000000001e10      0x290 _build/nrf52832_xxaa/bsp.c.o
 .debug_ranges  0x00000000000020a0       0xb0 _build/nrf52832_xxaa/bsp_btn_ble.c.o
 .debug_ranges  0x0000000000002150      0x2e0 _build/nrf52832_xxaa/ble_conn_params.c.o
 .debug_ranges  0x0000000000002430      0x470 _build/nrf52832_xxaa/ble_conn_state.c.o
 .debug_ranges  0x00000000000028a0      0x148 _build/nrf52832_xxaa/ble_srv_common.c.o
 .debug_ranges  0x00000000000029e8      0x548 _build/nrf52832_xxaa/nrf_sdh.c.o
 .debug_ranges  0x0000000000002f30       0xb8 _build/nrf52832_xxaa/nrf_sdh_ble.c.o
 .debug_ranges  0x0000000000002fe8       0x68 _build/nrf52832_xxaa/nrf_sdh_soc.c.o
 .debug_ranges  0x0000000000003050       0x28 _build/nrf52832_xxaa/main.cpp.o
 .debug_ranges  0x0000000000003078       0x38 _build/nrf52832_xxaa/UART.cpp.o
 .debug_ranges  0x00000000000030b0       0x48 _build/nrf52832_xxaa/Wire.cpp.o
 .debug_ranges  0x00000000000030f8      0x260 _build/nrf52832_xxaa/ICM20948.cpp.o

.debug_macro    0x0000000000000000     0xb767
 .debug_macro   0x0000000000000000      0x22a _build/nrf52832_xxaa/app_error.c.o
 .debug_macro   0x000000000000022a       0x35 _build/nrf52832_xxaa/app_error.c.o
 .debug_macro   0x000000000000025f       0x26 _build/nrf52832_xxaa/app_error.c.o
 .debug_macro   0x0000000000000285       0x16 _build/nrf52832_xxaa/app_error.c.o
 .debug_macro   0x000000000000029b       0x97 _build/nrf52832_xxaa/app_error.c.o
 .debug_macro   0x0000000000000332       0xf6 _build/nrf52832_xxaa/app_error.c.o
 .debug_macro   0x0000000000000428       0x10 _build/nrf52832_xxaa/app_error.c.o
 .debug_macro   0x0000000000000438       0x10 _build/nrf52832_xxaa/app_error.c.o
 .debug_macro   0x0000000000000448       0xb6 _build/nrf52832_xxaa/app_error.c.o
 .debug_macro   0x00000000000004fe       0x16 _build/nrf52832_xxaa/app_error.c.o
 .debug_macro   0x0000000000000514      0x129 _build/nrf52832_xxaa/app_error.c.o
 .debug_macro   0x000000000000063d       0x49 _build/nrf52832_xxaa/app_error.c.o
 .debug_macro   0x0000000000000686      0x37e _build/nrf52832_xxaa/app_error_weak.c.o
 .debug_macro   0x0000000000000a04       0x16 _build/nrf52832_xxaa/app_error_weak.c.o
 .debug_macro   0x0000000000000a1a       0x31 _build/nrf52832_xxaa/app_error_weak.c.o
 .debug_macro   0x0000000000000a4b       0x16 _build/nrf52832_xxaa/app_error_weak.c.o
 .debug_macro   0x0000000000000a61       0x55 _build/nrf52832_xxaa/app_error_weak.c.o
 .debug_macro   0x0000000000000ab6      0x17f _build/nrf52832_xxaa/app_error_weak.c.o
 .debug_macro   0x0000000000000c35       0x9a _build/nrf52832_xxaa/app_error_weak.c.o
 .debug_macro   0x0000000000000ccf       0x28 _build/nrf52832_xxaa/app_error_weak.c.o
 .debug_macro   0x0000000000000cf7       0x23 _build/nrf52832_xxaa/app_error_weak.c.o
 .debug_macro   0x0000000000000d1a       0x1c _build/nrf52832_xxaa/app_error_weak.c.o
 .debug_macro   0x0000000000000d36       0x46 _build/nrf52832_xxaa/app_error_weak.c.o
 .debug_macro   0x0000000000000d7c       0x88 _build/nrf52832_xxaa/app_error_weak.c.o
 .debug_macro   0x0000000000000e04       0x3a _build/nrf52832_xxaa/app_error_weak.c.o
 .debug_macro   0x0000000000000e3e       0x8c _build/nrf52832_xxaa/app_error_weak.c.o
 .debug_macro   0x0000000000000eca       0x1c _build/nrf52832_xxaa/app_error_weak.c.o
 .debug_macro   0x0000000000000ee6      0x11b _build/nrf52832_xxaa/app_error_weak.c.o
 .debug_macro   0x0000000000001001      0x447 _build/nrf52832_xxaa/app_timer.c.o
 .debug_macro   0x0000000000001448       0x3c _build/nrf52832_xxaa/app_timer.c.o
 .debug_macro   0x0000000000001484       0x16 _build/nrf52832_xxaa/app_timer.c.o
 .debug_macro   0x000000000000149a       0x22 _build/nrf52832_xxaa/app_timer.c.o
 .debug_macro   0x00000000000014bc      0x3b1 _build/nrf52832_xxaa/app_timer.c.o
 .debug_macro   0x000000000000186d       0x59 _build/nrf52832_xxaa/app_timer.c.o
 .debug_macro   0x00000000000018c6      0xe8c _build/nrf52832_xxaa/app_timer.c.o
 .debug_macro   0x0000000000002752      0x131 _build/nrf52832_xxaa/app_timer.c.o
 .debug_macro   0x0000000000002883       0x45 _build/nrf52832_xxaa/app_timer.c.o
 .debug_macro   0x00000000000028c8       0x19 _build/nrf52832_xxaa/app_timer.c.o
 .debug_macro   0x00000000000028e1       0x1d _build/nrf52832_xxaa/app_timer.c.o
 .debug_macro   0x00000000000028fe       0x35 _build/nrf52832_xxaa/app_timer.c.o
 .debug_macro   0x0000000000002933       0x7b _build/nrf52832_xxaa/app_timer.c.o
 .debug_macro   0x00000000000029ae       0x22 _build/nrf52832_xxaa/app_timer.c.o
 .debug_macro   0x00000000000029d0       0x40 _build/nrf52832_xxaa/app_timer.c.o
 .debug_macro   0x0000000000002a10       0x20 _build/nrf52832_xxaa/app_timer.c.o
 .debug_macro   0x0000000000002a30      0x26e _build/nrf52832_xxaa/app_util_platform.c.o
 .debug_macro   0x0000000000002c9e      0x252 _build/nrf52832_xxaa/nrf_atflags.c.o
 .debug_macro   0x0000000000002ef0       0x22 _build/nrf52832_xxaa/nrf_atflags.c.o
 .debug_macro   0x0000000000002f12      0x24c _build/nrf52832_xxaa/nrf_atomic.c.o
 .debug_macro   0x000000000000315e       0x42 _build/nrf52832_xxaa/nrf_atomic.c.o
 .debug_macro   0x00000000000031a0      0x25b _build/nrf52832_xxaa/nrf_section_iter.c.o
 .debug_macro   0x00000000000033fb       0x11 _build/nrf52832_xxaa/nrf_section_iter.c.o
 .debug_macro   0x000000000000340c       0xfc _build/nrf52832_xxaa/system_nrf52.c.o
 .debug_macro   0x0000000000003508      0x48d _build/nrf52832_xxaa/nrf_drv_clock.c.o
 .debug_macro   0x0000000000003995       0x16 _build/nrf52832_xxaa/nrf_drv_clock.c.o
 .debug_macro   0x00000000000039ab       0x10 _build/nrf52832_xxaa/nrf_drv_clock.c.o
 .debug_macro   0x00000000000039bb       0x2b _build/nrf52832_xxaa/nrf_drv_clock.c.o
 .debug_macro   0x00000000000039e6       0x16 _build/nrf52832_xxaa/nrf_drv_clock.c.o
 .debug_macro   0x00000000000039fc      0x179 _build/nrf52832_xxaa/nrf_drv_clock.c.o
 .debug_macro   0x0000000000003b75      0x442 _build/nrf52832_xxaa/nrfx_clock.c.o
 .debug_macro   0x0000000000003fb7       0x1c _build/nrf52832_xxaa/nrfx_clock.c.o
 .debug_macro   0x0000000000003fd3       0x42 _build/nrf52832_xxaa/nrfx_clock.c.o
 .debug_macro   0x0000000000004015      0x43e _build/nrf52832_xxaa/nrfx_uart.c.o
 .debug_macro   0x0000000000004453       0x28 _build/nrf52832_xxaa/nrfx_uart.c.o
 .debug_macro   0x000000000000447b       0x1c _build/nrf52832_xxaa/nrfx_uart.c.o
 .debug_macro   0x0000000000004497      0x3d3 _build/nrf52832_xxaa/bsp.c.o
 .debug_macro   0x000000000000486a       0x1c _build/nrf52832_xxaa/bsp.c.o
 .debug_macro   0x0000000000004886       0x1c _build/nrf52832_xxaa/bsp.c.o
 .debug_macro   0x00000000000048a2      0x100 _build/nrf52832_xxaa/bsp.c.o
 .debug_macro   0x00000000000049a2       0x42 _build/nrf52832_xxaa/bsp.c.o
 .debug_macro   0x00000000000049e4      0x4a0 _build/nrf52832_xxaa/bsp_btn_ble.c.o
 .debug_macro   0x0000000000004e84       0x46 _build/nrf52832_xxaa/bsp_btn_ble.c.o
 .debug_macro   0x0000000000004eca       0xb2 _build/nrf52832_xxaa/bsp_btn_ble.c.o
 .debug_macro   0x0000000000004f7c      0x13a _build/nrf52832_xxaa/bsp_btn_ble.c.o
 .debug_macro   0x00000000000050b6      0x204 _build/nrf52832_xxaa/bsp_btn_ble.c.o
 .debug_macro   0x00000000000052ba      0x5a6 _build/nrf52832_xxaa/bsp_btn_ble.c.o
 .debug_macro   0x0000000000005860       0x8c _build/nrf52832_xxaa/bsp_btn_ble.c.o
 .debug_macro   0x00000000000058ec      0x205 _build/nrf52832_xxaa/bsp_btn_ble.c.o
 .debug_macro   0x0000000000005af1       0x1c _build/nrf52832_xxaa/bsp_btn_ble.c.o
 .debug_macro   0x0000000000005b0d       0xf4 _build/nrf52832_xxaa/bsp_btn_ble.c.o
 .debug_macro   0x0000000000005c01       0x3c _build/nrf52832_xxaa/bsp_btn_ble.c.o
 .debug_macro   0x0000000000005c3d       0x1c _build/nrf52832_xxaa/bsp_btn_ble.c.o
 .debug_macro   0x0000000000005c59      0x3df _build/nrf52832_xxaa/ble_conn_params.c.o
 .debug_macro   0x0000000000006038       0x40 _build/nrf52832_xxaa/ble_conn_params.c.o
 .debug_macro   0x0000000000006078       0x10 _build/nrf52832_xxaa/ble_conn_params.c.o
 .debug_macro   0x0000000000006088      0x3bf _build/nrf52832_xxaa/ble_conn_state.c.o
 .debug_macro   0x0000000000006447      0x2fd _build/nrf52832_xxaa/ble_srv_common.c.o
 .debug_macro   0x0000000000006744      0x399 _build/nrf52832_xxaa/nrf_sdh.c.o
 .debug_macro   0x0000000000006add      0x16d _build/nrf52832_xxaa/nrf_sdh.c.o
 .debug_macro   0x0000000000006c4a      0x3ce _build/nrf52832_xxaa/nrf_sdh_ble.c.o
 .debug_macro   0x0000000000007018       0x31 _build/nrf52832_xxaa/nrf_sdh_ble.c.o